<html>
<body>
<pre>
<h1>礦ision Build Log</h1>
<h2>Tool Versions:</h2>
IDE-Version: μVision V5.14.0.0
Copyright (C) 2015 ARM Ltd and ARM Germany GmbH. All rights reserved.
License Information: F C, china, LIC=Q7GLQ-NW2WV-F0YN5-G7RPV-RH7EA-FP8DV
 
Tool Versions:
Toolchain:       MDK-ARM Professional  Version: 5.14.0.0
Toolchain Path:  E:\KEIL MDK5\ARM\ARMCC\Bin
C Compiler:      Armcc.exe V5.05 update 1 (build 106)
Assembler:       Armasm.exe V5.05 update 1 (build 106)
Linker/Locator:  ArmLink.exe V5.05 update 1 (build 106)
Library Manager: ArmAr.exe V5.05 update 1 (build 106)
Hex Converter:   FromElf.exe V5.05 update 1 (build 106)
CPU DLL:         SARMCM3.DLL V5.14.0.0
Dialog DLL:      DCM.DLL V1.13.1.0
Target DLL:      STLink\ST-LINKIII-KEIL_SWO.dll V2.0.14.0_KEIL
Dialog DLL:      TCM.DLL V1.14.4.0
 
<h2>Project:</h2>
F:\学习用具\2016毕业设计\V5-610_uCOS-III + emWin + FatFS\Project\MDK-ARM(uV4)\project.uvprojx
Project File Date:  03/26/2016

<h2>Output:</h2>
Build target 'LIUZU'
compiling main.c...
compiling bsp.c...
compiling bsp_os.c...
compiling bsp_key.c...
compiling bsp_led.c...
compiling bsp_tim_pwm.c...
compiling bsp_spi_bus.c...
compiling bsp_i2c_gpio.c...
compiling bsp_uart_fifo.c...
compiling stm32f4xx_it.c...
compiling diskio.c...
compiling control.c...
linking...
Program Size: Code=28536 RO-data=1064 RW-data=240 ZI-data=34176  
FromELF: creating hex file...
After Build - User command #1: CopyHex_Flash.bat
F:\学习用具\2016毕业设计\V5-610_uCOS-III + emWin + FatFS\Project\MDK-ARM(uV4)>copy Flash\Obj\output.hex ..\output(mdk).hex 
已复制         1 个文件。
".\Flash\Obj\output.axf" - 0 Error(s), 0 Warning(s).

<h2>Collection of Component include folders:</h2>
  F:\学习用具\2016毕业设计\V5-610_uCOS-III + emWin + FatFS\Project\MDK-ARM(uV4)\RTE
  E:\KEIL MDK5\ARM\PACK\Keil\STM32F4xx_DFP\2.6.0

<h2>Collection of Component Files used:</h2>
</pre>
</body>
</html>
