L 1 "..\..\User\fonts\hz32.c"
N/*
N*********************************************************************************************************
N*
N*	模块名称 : 汉字点阵字库。
N*	文件名称 : hz32.c
N*	版    本 : V1.0
N*	说    明 : 只包含本程序用到汉字字库
N*	修改记录 :
N*		版本号  日期       作者    说明
N*		v1.0    2015-04-05 armfly  ST固件库V3.5.0版本。
N*
N*	Copyright (C), 2015-2016, 安富莱电子 www.armfly.com
N*
N*********************************************************************************************************
N*/
N
N#include "fonts.h"
L 1 "..\..\User\fonts\fonts.h" 1
N/*										
N*********************************************************************************************************
N*	                                  
N*	模块名称 : 字库模块
N*	文件名称 : fonts.h
N*	版    本 : V1.0
N*	说    明 : 头文件
N*
N*	Copyright (C), 2010-2011, 安富莱电子 www.armfly.com
N*
N*********************************************************************************************************
N*/
N
N#ifndef __FONTS_H_
N#define __FONTS_H_
N
N#define USE_SMALL_FONT			/* 定义此行表示使用小字库， 这个宏只在bsp_tft+lcd.c中使用 */
N
N/* 0x64000000 是NOR Flash的首地址 */
N#define HZK12_ADDR (0x64000000 + 0x0)		/* 12点阵汉字库地址 */
N#define HZK16_ADDR (0x64000000 + 0x2C9D0)	/* 16点阵汉字库地址 */
N#define HZK24_ADDR (0x64000000 + 0x68190)	/* 24点阵汉字库地址 */
N#define HZK32_ADDR (0x64000000 + 0xEDF00)	/* 32点阵汉字库地址 */
N
Nextern unsigned char const g_Ascii12[];
Nextern unsigned char const g_Ascii16[];
N
Nextern unsigned char const g_Hz12[];
Nextern unsigned char const g_Hz16[];
Nextern unsigned char const g_Hz24[];
Nextern unsigned char const g_Hz32[];
N
Nextern unsigned char const g_RA8875_Ascii12_width[];
Nextern unsigned char const g_RA8875_Ascii16_width[];
Nextern unsigned char const g_RA8875_Ascii24_width[];
Nextern unsigned char const g_RA8875_Ascii32_width[];
N
N#endif
L 18 "..\..\User\fonts\hz32.c" 2
N
N/*
N	FLASH中内嵌小字库，只包括本程序用到的汉字点阵
N	每行点阵数据，头2字节是汉子的内码，后面字节是点阵汉字的字模数据。
N*/
N#ifdef USE_SMALL_FONT
N/* 
N*/
Nunsigned char const g_Hz32[] = {
N
N//0xD7,0xBC, 0x01,0x40,0x41,0x20,0x31,0x24,0x13,0xFE,0x02,0x20,0x16,0x28,0x1B,0xFC,0x12,0x20,// 准 //
N//           0x22,0x28,0xE3,0xFC,0x22,0x20,0x22,0x20,0x22,0x24,0x23,0xFE,0x22,0x00,0x02,0x00,
N		   
N/* 最后一行必须用0xFF,0xFF结束，这是字库数组结束标志 */
N0xFF,0xFF
N
N};
N#else
S	unsigned char const g_Hz32[] = {0xFF, 0xFF};
N#endif
N
