Component: ARM Compiler 5.05 update 1 (build 106) Tool: armlink [4d0efa]

==============================================================================

Section Cross References

    main.o(i.AppObjCreate) refers to bsp_os.o(i.BSP_OS_SemCreate) for BSP_OS_SemCreate
    main.o(i.AppObjCreate) refers to main.o(.bss) for SEM_SYNCH
    main.o(i.AppTaskCOM) refers to bsp_led.o(i.bsp_LedToggle) for bsp_LedToggle
    main.o(i.AppTaskCOM) refers to bsp_os.o(i.BSP_OS_TimeDlyMs) for BSP_OS_TimeDlyMs
    main.o(i.AppTaskCreate) refers to os_task.o(i.OSTaskCreate) for OSTaskCreate
    main.o(i.AppTaskCreate) refers to main.o(.bss) for AppTaskCOMStk
    main.o(i.AppTaskCreate) refers to main.o(i.AppTaskCOM) for AppTaskCOM
    main.o(i.AppTaskCreate) refers to main.o(i.AppTaskUserIF) for AppTaskUserIF
    main.o(i.AppTaskStart) refers to cpu_core.o(i.CPU_Init) for CPU_Init
    main.o(i.AppTaskStart) refers to bsp.o(i.bsp_Init) for bsp_Init
    main.o(i.AppTaskStart) refers to bsp.o(i.BSP_Tick_Init) for BSP_Tick_Init
    main.o(i.AppTaskStart) refers to os_stat.o(i.OSStatTaskCPUUsageInit) for OSStatTaskCPUUsageInit
    main.o(i.AppTaskStart) refers to main.o(i.AppTaskCreate) for AppTaskCreate
    main.o(i.AppTaskStart) refers to main.o(i.AppObjCreate) for AppObjCreate
    main.o(i.AppTaskUserIF) refers to bsp_key.o(i.bsp_GetKey) for bsp_GetKey
    main.o(i.AppTaskUserIF) refers to main.o(i.DispTaskInfo) for DispTaskInfo
    main.o(i.AppTaskUserIF) refers to bsp_os.o(i.BSP_OS_SemPost) for BSP_OS_SemPost
    main.o(i.AppTaskUserIF) refers to bsp_os.o(i.BSP_OS_TimeDlyMs) for BSP_OS_TimeDlyMs
    main.o(i.AppTaskUserIF) refers to main.o(.bss) for SEM_SYNCH
    main.o(i.DispTaskInfo) refers to cpu_a.o(.text) for CPU_SR_Save
    main.o(i.DispTaskInfo) refers to printfa.o(i.__0printf) for __2printf
    main.o(i.DispTaskInfo) refers to f2d.o(.text) for __aeabi_f2d
    main.o(i.DispTaskInfo) refers to os_var.o(.data) for OSTaskDbgListPtr
    main.o(i.DispTaskInfo) refers to main.o(.conststring) for .conststring
    main.o(i.main) refers to os_core.o(i.OSInit) for OSInit
    main.o(i.main) refers to os_task.o(i.OSTaskCreate) for OSTaskCreate
    main.o(i.main) refers to os_core.o(i.OSStart) for OSStart
    main.o(i.main) refers to main.o(.bss) for AppTaskStartStk
    main.o(i.main) refers to main.o(i.AppTaskStart) for AppTaskStart
    os_app_hooks.o(i.App_OS_ClrAllHooks) refers to cpu_a.o(.text) for CPU_SR_Save
    os_app_hooks.o(i.App_OS_ClrAllHooks) refers to os_var.o(.data) for OS_AppTaskCreateHookPtr
    os_app_hooks.o(i.App_OS_SetAllHooks) refers to cpu_a.o(.text) for CPU_SR_Save
    os_app_hooks.o(i.App_OS_SetAllHooks) refers to os_app_hooks.o(i.App_OS_TaskCreateHook) for App_OS_TaskCreateHook
    os_app_hooks.o(i.App_OS_SetAllHooks) refers to os_var.o(.data) for OS_AppTaskCreateHookPtr
    os_app_hooks.o(i.App_OS_SetAllHooks) refers to os_app_hooks.o(i.App_OS_TaskDelHook) for App_OS_TaskDelHook
    os_app_hooks.o(i.App_OS_SetAllHooks) refers to os_app_hooks.o(i.App_OS_TaskReturnHook) for App_OS_TaskReturnHook
    os_app_hooks.o(i.App_OS_SetAllHooks) refers to os_app_hooks.o(i.App_OS_IdleTaskHook) for App_OS_IdleTaskHook
    os_app_hooks.o(i.App_OS_SetAllHooks) refers to os_app_hooks.o(i.App_OS_StatTaskHook) for App_OS_StatTaskHook
    os_app_hooks.o(i.App_OS_SetAllHooks) refers to os_app_hooks.o(i.App_OS_TaskSwHook) for App_OS_TaskSwHook
    os_app_hooks.o(i.App_OS_SetAllHooks) refers to os_app_hooks.o(i.App_OS_TimeTickHook) for App_OS_TimeTickHook
    bsp.o(i.BSP_CPU_ClkFreq) refers to stm32f4xx_rcc.o(i.RCC_GetClocksFreq) for RCC_GetClocksFreq
    bsp.o(i.BSP_Tick_Init) refers to bsp.o(i.BSP_CPU_ClkFreq) for BSP_CPU_ClkFreq
    bsp.o(i.BSP_Tick_Init) refers to os_cfg_app.o(.constdata) for OSCfg_TickRate_Hz
    bsp.o(i.CPU_TS32_to_uSec) refers to bsp.o(i.BSP_CPU_ClkFreq) for BSP_CPU_ClkFreq
    bsp.o(i.CPU_TS32_to_uSec) refers to uldiv.o(.text) for __aeabi_uldivmod
    bsp.o(i.CPU_TS_TmrInit) refers to bsp.o(i.BSP_CPU_ClkFreq) for BSP_CPU_ClkFreq
    bsp.o(i.CPU_TS_TmrInit) refers to cpu_core.o(i.CPU_TS_TmrFreqSet) for CPU_TS_TmrFreqSet
    bsp.o(i.bsp_DelayMS) refers to bsp.o(i.bsp_DelayUS) for bsp_DelayUS
    bsp.o(i.bsp_DelayUS) refers to bsp.o(i.CPU_TS_TmrRd) for CPU_TS_TmrRd
    bsp.o(i.bsp_DelayUS) refers to system_stm32f4xx.o(.data) for SystemCoreClock
    bsp.o(i.bsp_Init) refers to misc.o(i.NVIC_PriorityGroupConfig) for NVIC_PriorityGroupConfig
    bsp.o(i.bsp_Init) refers to bsp_uart_fifo.o(i.bsp_InitUart) for bsp_InitUart
    bsp.o(i.bsp_Init) refers to bsp_led.o(i.bsp_InitLed) for bsp_InitLed
    bsp.o(i.bsp_Init) refers to bsp_key.o(i.bsp_InitKey) for bsp_InitKey
    bsp.o(i.bsp_Init) refers to bsp_i2c_gpio.o(i.bsp_InitI2C) for bsp_InitI2C
    bsp.o(i.bsp_Init) refers to bsp_spi_bus.o(i.bsp_InitSPIBus) for bsp_InitSPIBus
    bsp.o(i.bsp_Init) refers to bsp_spi_nrf.o(i.bsp_InitNRF) for bsp_InitNRF
    bsp.o(i.bsp_Init) refers to bsp_tim_pwm.o(i.bsp_ServoInit) for bsp_ServoInit
[...]
    s_tBtn                                   0x200037ac   Data         160  bsp_key.o(.bss)
    s_tKey                                   0x2000384c   Data          13  bsp_key.o(.bss)
    .bss                                     0x2000385c   Section     8352  bsp_uart_fifo.o(.bss)
    g_tUart1                                 0x2000385c   Data          40  bsp_uart_fifo.o(.bss)
    g_TxBuf1                                 0x20003884   Data        1024  bsp_uart_fifo.o(.bss)
    g_RxBuf1                                 0x20003c84   Data        1024  bsp_uart_fifo.o(.bss)
    g_tUart2                                 0x20004084   Data          40  bsp_uart_fifo.o(.bss)
    g_RxBuf2                                 0x200040ac   Data        2048  bsp_uart_fifo.o(.bss)
    g_tUart3                                 0x200048ac   Data          40  bsp_uart_fifo.o(.bss)
    g_TxBuf3                                 0x200048d4   Data        1024  bsp_uart_fifo.o(.bss)
    g_RxBuf3                                 0x20004cd4   Data        1024  bsp_uart_fifo.o(.bss)
    g_tUart6                                 0x200050d4   Data          40  bsp_uart_fifo.o(.bss)
    g_TxBuf6                                 0x200050fc   Data        1024  bsp_uart_fifo.o(.bss)
    g_RxBuf6                                 0x200054fc   Data        1024  bsp_uart_fifo.o(.bss)
    .bss                                     0x200058fc   Section     4096  bsp_spi_flash.o(.bss)
    .bss                                     0x200068fc   Section       16  cpu_core.o(.bss)
    .bss                                     0x2000690c   Section     4936  os_cfg_app.o(.bss)
    .bss                                     0x20007c54   Section     1548  os_var.o(.bss)
    .bss                                     0x20008260   Section       12  ff.o(.bss)
    FatFs                                    0x20008260   Data          12  ff.o(.bss)
    STACK                                    0x20008270   Section     1024  startup_stm32f40_41xxx.o(STACK)

    Global Symbols

    Symbol Name                              Value     Ov Type        Size  Object(Section)

    BuildAttributes$$THM_ISAv4$E$P$D$K$B$S$7EM$VFPi3$EXTD16$VFPS$VFMA$PE$A:L22UL41UL21$X:L11$S22US41US21$IEEE1$IW$USESV6$~STKCKD$USESV7$~SHL$OTIME$ROPI$IEEEJ$EBA8$MICROLIB$REQ8$PRES8$EABIv2 0x00000000   Number         0  anon$$obj.o ABSOLUTE
    __ARM_use_no_argv                        0x00000000   Number         0  main.o ABSOLUTE
    _printf_a                                0x00000000   Number         0  stubs.o ABSOLUTE
    _printf_c                                0x00000000   Number         0  stubs.o ABSOLUTE
    _printf_charcount                        0x00000000   Number         0  stubs.o ABSOLUTE
    _printf_d                                0x00000000   Number         0  stubs.o ABSOLUTE
    _printf_e                                0x00000000   Number         0  stubs.o ABSOLUTE
    _printf_f                                0x00000000   Number         0  stubs.o ABSOLUTE
    _printf_flags                            0x00000000   Number         0  stubs.o ABSOLUTE
    _printf_fp_dec                           0x00000000   Number         0  stubs.o ABSOLUTE
    _printf_fp_hex                           0x00000000   Number         0  stubs.o ABSOLUTE
    _printf_g                                0x00000000   Number         0  stubs.o ABSOLUTE
    _printf_i                                0x00000000   Number         0  stubs.o ABSOLUTE
    _printf_int_dec                          0x00000000   Number         0  stubs.o ABSOLUTE
    _printf_l                                0x00000000   Number         0  stubs.o ABSOLUTE
    _printf_lc                               0x00000000   Number         0  stubs.o ABSOLUTE
    _printf_ll                               0x00000000   Number         0  stubs.o ABSOLUTE
    _printf_lld                              0x00000000   Number         0  stubs.o ABSOLUTE
    _printf_lli                              0x00000000   Number         0  stubs.o ABSOLUTE
    _printf_llo                              0x00000000   Number         0  stubs.o ABSOLUTE
    _printf_llu                              0x00000000   Number         0  stubs.o ABSOLUTE
    _printf_llx                              0x00000000   Number         0  stubs.o ABSOLUTE
    _printf_longlong_dec                     0x00000000   Number         0  stubs.o ABSOLUTE
    _printf_longlong_hex                     0x00000000   Number         0  stubs.o ABSOLUTE
    _printf_longlong_oct                     0x00000000   Number         0  stubs.o ABSOLUTE
    _printf_ls                               0x00000000   Number         0  stubs.o ABSOLUTE
    _printf_mbtowc                           0x00000000   Number         0  stubs.o ABSOLUTE
    _printf_n                                0x00000000   Number         0  stubs.o ABSOLUTE
    _printf_o                                0x00000000   Number         0  stubs.o ABSOLUTE
    _printf_p                                0x00000000   Number         0  stubs.o ABSOLUTE
    _printf_percent                          0x00000000   Number         0  stubs.o ABSOLUTE
    _printf_pre_padding                      0x00000000   Number         0  stubs.o ABSOLUTE
    _printf_return_value                     0x00000000   Number         0  stubs.o ABSOLUTE
    _printf_s                                0x00000000   Number         0  stubs.o ABSOLUTE
    _printf_sizespec                         0x00000000   Number         0  stubs.o ABSOLUTE
    _printf_str                              0x00000000   Number         0  stubs.o ABSOLUTE
    _printf_truncate_signed                  0x00000000   Number         0  stubs.o ABSOLUTE
    _printf_truncate_unsigned                0x00000000   Number         0  stubs.o ABSOLUTE
    _printf_u                                0x00000000   Number         0  stubs.o ABSOLUTE
    _printf_wc                               0x00000000   Number         0  stubs.o ABSOLUTE
    _printf_wctomb                           0x00000000   Number         0  stubs.o ABSOLUTE
    _printf_widthprec                        0x00000000   Number         0  stubs.o ABSOLUTE
    _printf_x                                0x00000000   Number         0  stubs.o ABSOLUTE
    __cpp_initialize__aeabi_                  - Undefined Weak Reference
    __cxa_finalize                            - Undefined Weak Reference
    __decompress                              - Undefined Weak Reference
    _clock_init                               - Undefined Weak Reference
    _microlib_exit                            - Undefined Weak Reference
    __Vectors_Size                           0x00000188   Number         0  startup_stm32f40_41xxx.o ABSOLUTE
    __Vectors                                0x08000000   Data           4  startup_stm32f40_41xxx.o(RESET)
    __Vectors_End                            0x08000188   Data           0  startup_stm32f40_41xxx.o(RESET)
    __main                                   0x08000189   Thumb Code     0  entry.o(.ARM.Collect$$$$00000000)
    _main_stk                                0x08000189   Thumb Code     0  entry2.o(.ARM.Collect$$$$00000001)
    _main_scatterload                        0x0800018d   Thumb Code     0  entry5.o(.ARM.Collect$$$$00000004)
    __main_after_scatterload                 0x08000191   Thumb Code     0  entry5.o(.ARM.Collect$$$$00000004)
    _main_clock                              0x08000191   Thumb Code     0  entry7b.o(.ARM.Collect$$$$00000008)
    _main_cpp_init                           0x08000191   Thumb Code     0  entry8b.o(.ARM.Collect$$$$0000000A)
    _main_init                               0x08000191   Thumb Code     0  entry9a.o(.ARM.Collect$$$$0000000B)
    __rt_final_cpp                           0x08000199   Thumb Code     0  entry10a.o(.ARM.Collect$$$$0000000D)
    __rt_final_exit                          0x08000199   Thumb Code     0  entry11a.o(.ARM.Collect$$$$0000000F)
    Reset_Handler                            0x0800019d   Thumb Code     8  startup_stm32f40_41xxx.o(.text)
    ADC_IRQHandler                           0x080001b7   Thumb Code     0  startup_stm32f40_41xxx.o(.text)
    CAN1_RX0_IRQHandler                      0x080001b7   Thumb Code     0  startup_stm32f40_41xxx.o(.text)
    CAN1_RX1_IRQHandler                      0x080001b7   Thumb Code     0  startup_stm32f40_41xxx.o(.text)
    CAN1_SCE_IRQHandler                      0x080001b7   Thumb Code     0  startup_stm32f40_41xxx.o(.text)
    CAN1_TX_IRQHandler                       0x080001b7   Thumb Code     0  startup_stm32f40_41xxx.o(.text)
    CAN2_RX0_IRQHandler                      0x080001b7   Thumb Code     0  startup_stm32f40_41xxx.o(.text)
    CAN2_RX1_IRQHandler                      0x080001b7   Thumb Code     0  startup_stm32f40_41xxx.o(.text)
    CAN2_SCE_IRQHandler                      0x080001b7   Thumb Code     0  startup_stm32f40_41xxx.o(.text)
    CAN2_TX_IRQHandler                       0x080001b7   Thumb Code     0  startup_stm32f40_41xxx.o(.text)
    CRYP_IRQHandler                          0x080001b7   Thumb Code     0  startup_stm32f40_41xxx.o(.text)
    DCMI_IRQHandler                          0x080001b7   Thumb Code     0  startup_stm32f40_41xxx.o(.text)
    DMA1_Stream0_IRQHandler                  0x080001b7   Thumb Code     0  startup_stm32f40_41xxx.o(.text)
    DMA1_Stream1_IRQHandler                  0x080001b7   Thumb Code     0  startup_stm32f40_41xxx.o(.text)
    DMA1_Stream2_IRQHandler                  0x080001b7   Thumb Code     0  startup_stm32f40_41xxx.o(.text)
    DMA1_Stream3_IRQHandler                  0x080001b7   Thumb Code     0  startup_stm32f40_41xxx.o(.text)
    DMA1_Stream4_IRQHandler                  0x080001b7   Thumb Code     0  startup_stm32f40_41xxx.o(.text)
    DMA1_Stream5_IRQHandler                  0x080001b7   Thumb Code     0  startup_stm32f40_41xxx.o(.text)
    DMA1_Stream6_IRQHandler                  0x080001b7   Thumb Code     0  startup_stm32f40_41xxx.o(.text)
    DMA1_Stream7_IRQHandler                  0x080001b7   Thumb Code     0  startup_stm32f40_41xxx.o(.text)
    DMA2_Stream0_IRQHandler                  0x080001b7   Thumb Code     0  startup_stm32f40_41xxx.o(.text)
    DMA2_Stream1_IRQHandler                  0x080001b7   Thumb Code     0  startup_stm32f40_41xxx.o(.text)
    DMA2_Stream2_IRQHandler                  0x080001b7   Thumb Code     0  startup_stm32f40_41xxx.o(.text)
    DMA2_Stream4_IRQHandler                  0x080001b7   Thumb Code     0  startup_stm32f40_41xxx.o(.text)
    DMA2_Stream5_IRQHandler                  0x080001b7   Thumb Code     0  startup_stm32f40_41xxx.o(.text)
    DMA2_Stream6_IRQHandler                  0x080001b7   Thumb Code     0  startup_stm32f40_41xxx.o(.text)
    DMA2_Stream7_IRQHandler                  0x080001b7   Thumb Code     0  startup_stm32f40_41xxx.o(.text)
    ETH_IRQHandler                           0x080001b7   Thumb Code     0  startup_stm32f40_41xxx.o(.text)
    ETH_WKUP_IRQHandler                      0x080001b7   Thumb Code     0  startup_stm32f40_41xxx.o(.text)
    EXTI0_IRQHandler                         0x080001b7   Thumb Code     0  startup_stm32f40_41xxx.o(.text)
    EXTI15_10_IRQHandler                     0x080001b7   Thumb Code     0  startup_stm32f40_41xxx.o(.text)
    EXTI1_IRQHandler                         0x080001b7   Thumb Code     0  startup_stm32f40_41xxx.o(.text)
    EXTI2_IRQHandler                         0x080001b7   Thumb Code     0  startup_stm32f40_41xxx.o(.text)
    EXTI3_IRQHandler                         0x080001b7   Thumb Code     0  startup_stm32f40_41xxx.o(.text)
    EXTI4_IRQHandler                         0x080001b7   Thumb Code     0  startup_stm32f40_41xxx.o(.text)
    EXTI9_5_IRQHandler                       0x080001b7   Thumb Code     0  startup_stm32f40_41xxx.o(.text)
    FLASH_IRQHandler                         0x080001b7   Thumb Code     0  startup_stm32f40_41xxx.o(.text)
    FPU_IRQHandler                           0x080001b7   Thumb Code     0  startup_stm32f40_41xxx.o(.text)
    FSMC_IRQHandler                          0x080001b7   Thumb Code     0  startup_stm32f40_41xxx.o(.text)
    HASH_RNG_IRQHandler                      0x080001b7   Thumb Code     0  startup_stm32f40_41xxx.o(.text)
    I2C1_ER_IRQHandler                       0x080001b7   Thumb Code     0  startup_stm32f40_41xxx.o(.text)
    I2C1_EV_IRQHandler                       0x080001b7   Thumb Code     0  startup_stm32f40_41xxx.o(.text)
    I2C2_ER_IRQHandler                       0x080001b7   Thumb Code     0  startup_stm32f40_41xxx.o(.text)
    I2C2_EV_IRQHandler                       0x080001b7   Thumb Code     0  startup_stm32f40_41xxx.o(.text)
    I2C3_ER_IRQHandler                       0x080001b7   Thumb Code     0  startup_stm32f40_41xxx.o(.text)
    I2C3_EV_IRQHandler                       0x080001b7   Thumb Code     0  startup_stm32f40_41xxx.o(.text)
    OTG_FS_IRQHandler                        0x080001b7   Thumb Code     0  startup_stm32f40_41xxx.o(.text)
    OTG_FS_WKUP_IRQHandler                   0x080001b7   Thumb Code     0  startup_stm32f40_41xxx.o(.text)
    OTG_HS_EP1_IN_IRQHandler                 0x080001b7   Thumb Code     0  startup_stm32f40_41xxx.o(.text)
    OTG_HS_EP1_OUT_IRQHandler                0x080001b7   Thumb Code     0  startup_stm32f40_41xxx.o(.text)
    OTG_HS_IRQHandler                        0x080001b7   Thumb Code     0  startup_stm32f40_41xxx.o(.text)
    OTG_HS_WKUP_IRQHandler                   0x080001b7   Thumb Code     0  startup_stm32f40_41xxx.o(.text)
    PVD_IRQHandler                           0x080001b7   Thumb Code     0  startup_stm32f40_41xxx.o(.text)
    RCC_IRQHandler                           0x080001b7   Thumb Code     0  startup_stm32f40_41xxx.o(.text)
    RTC_Alarm_IRQHandler                     0x080001b7   Thumb Code     0  startup_stm32f40_41xxx.o(.text)
    RTC_WKUP_IRQHandler                      0x080001b7   Thumb Code     0  startup_stm32f40_41xxx.o(.text)
    SPI1_IRQHandler                          0x080001b7   Thumb Code     0  startup_stm32f40_41xxx.o(.text)
    SPI2_IRQHandler                          0x080001b7   Thumb Code     0  startup_stm32f40_41xxx.o(.text)
    SPI3_IRQHandler                          0x080001b7   Thumb Code     0  startup_stm32f40_41xxx.o(.text)
    TAMP_STAMP_IRQHandler                    0x080001b7   Thumb Code     0  startup_stm32f40_41xxx.o(.text)
    TIM1_BRK_TIM9_IRQHandler                 0x080001b7   Thumb Code     0  startup_stm32f40_41xxx.o(.text)
    TIM1_CC_IRQHandler                       0x080001b7   Thumb Code     0  startup_stm32f40_41xxx.o(.text)
    TIM1_TRG_COM_TIM11_IRQHandler            0x080001b7   Thumb Code     0  startup_stm32f40_41xxx.o(.text)
    TIM1_UP_TIM10_IRQHandler                 0x080001b7   Thumb Code     0  startup_stm32f40_41xxx.o(.text)
    TIM2_IRQHandler                          0x080001b7   Thumb Code     0  startup_stm32f40_41xxx.o(.text)
    TIM3_IRQHandler                          0x080001b7   Thumb Code     0  startup_stm32f40_41xxx.o(.text)
    TIM4_IRQHandler                          0x080001b7   Thumb Code     0  startup_stm32f40_41xxx.o(.text)
    TIM5_IRQHandler                          0x080001b7   Thumb Code     0  startup_stm32f40_41xxx.o(.text)
    TIM6_DAC_IRQHandler                      0x080001b7   Thumb Code     0  startup_stm32f40_41xxx.o(.text)
    TIM7_IRQHandler                          0x080001b7   Thumb Code     0  startup_stm32f40_41xxx.o(.text)
    TIM8_BRK_TIM12_IRQHandler                0x080001b7   Thumb Code     0  startup_stm32f40_41xxx.o(.text)
    TIM8_CC_IRQHandler                       0x080001b7   Thumb Code     0  startup_stm32f40_41xxx.o(.text)
    TIM8_TRG_COM_TIM14_IRQHandler            0x080001b7   Thumb Code     0  startup_stm32f40_41xxx.o(.text)
    TIM8_UP_TIM13_IRQHandler                 0x080001b7   Thumb Code     0  startup_stm32f40_41xxx.o(.text)
    UART4_IRQHandler                         0x080001b7   Thumb Code     0  startup_stm32f40_41xxx.o(.text)
    UART5_IRQHandler                         0x080001b7   Thumb Code     0  startup_stm32f40_41xxx.o(.text)
    WWDG_IRQHandler                          0x080001b7   Thumb Code     0  startup_stm32f40_41xxx.o(.text)
    CPU_IntDis                               0x080001c1   Thumb Code     0  cpu_a.o(.text)
    CPU_IntEn                                0x080001c5   Thumb Code     0  cpu_a.o(.text)
    CPU_SR_Save                              0x080001c9   Thumb Code     0  cpu_a.o(.text)
    CPU_SR_Restore                           0x080001d1   Thumb Code     0  cpu_a.o(.text)
    CPU_WaitForInt                           0x080001d7   Thumb Code     0  cpu_a.o(.text)
    CPU_WaitForExcept                        0x080001db   Thumb Code     0  cpu_a.o(.text)
    CPU_CntLeadZeros                         0x080001df   Thumb Code     0  cpu_a.o(.text)
    CPU_CntTrailZeros                        0x080001e5   Thumb Code     0  cpu_a.o(.text)
    CPU_RevBits                              0x080001ef   Thumb Code     0  cpu_a.o(.text)
    __aeabi_uldivmod                         0x080001f5   Thumb Code    98  uldiv.o(.text)
    __aeabi_f2d                              0x08000257   Thumb Code    38  f2d.o(.text)
    __aeabi_uidiv                            0x0800027d   Thumb Code     0  uidiv.o(.text)
    __aeabi_uidivmod                         0x0800027d   Thumb Code    44  uidiv.o(.text)
    __aeabi_llsl                             0x080002a9   Thumb Code    30  llshl.o(.text)
    _ll_shift_l                              0x080002a9   Thumb Code     0  llshl.o(.text)
    __aeabi_llsr                             0x080002c7   Thumb Code    32  llushr.o(.text)
    _ll_ushift_r                             0x080002c7   Thumb Code     0  llushr.o(.text)
    __I$use$fp                               0x080002e7   Thumb Code     0  iusefp.o(.text)
    _double_round                            0x080002e7   Thumb Code    30  depilogue.o(.text)
    _double_epilogue                         0x08000305   Thumb Code   156  depilogue.o(.text)
    __aeabi_dadd                             0x080003a1   Thumb Code   322  dadd.o(.text)
    __aeabi_dsub                             0x080004e3   Thumb Code     6  dadd.o(.text)
    __aeabi_drsub                            0x080004e9   Thumb Code     6  dadd.o(.text)
    __aeabi_dmul                             0x080004ef   Thumb Code   228  dmul.o(.text)
    __aeabi_ddiv                             0x080005d3   Thumb Code   222  ddiv.o(.text)
    __aeabi_d2ulz                            0x080006b1   Thumb Code    48  dfixul.o(.text)
    __aeabi_cdrcmple                         0x080006e1   Thumb Code    48  cdrcmple.o(.text)
    __scatterload                            0x08000711   Thumb Code    28  init.o(.text)
    __scatterload_rt2                        0x08000711   Thumb Code     0  init.o(.text)
    __aeabi_lasr                             0x08000735   Thumb Code    36  llsshr.o(.text)
    _ll_sshift_r                             0x08000735   Thumb Code     0  llsshr.o(.text)
    OSStartHighRdy                           0x08000759   Thumb Code     0  os_cpu_a.o(CODE)
    OSCtxSw                                  0x0800077b   Thumb Code     0  os_cpu_a.o(CODE)
    OSIntCtxSw                               0x08000785   Thumb Code     0  os_cpu_a.o(CODE)
    OS_CPU_PendSVHandler                     0x0800078f   Thumb Code     0  os_cpu_a.o(CODE)
    BSP_CPU_ClkFreq                          0x08000925   Thumb Code    14  bsp.o(i.BSP_CPU_ClkFreq)
    BSP_OS_SemCreate                         0x08000933   Thumb Code    34  bsp_os.o(i.BSP_OS_SemCreate)
    BSP_OS_SemPost                           0x08000955   Thumb Code    28  bsp_os.o(i.BSP_OS_SemPost)
    BSP_OS_TimeDlyMs                         0x08000971   Thumb Code    64  bsp_os.o(i.BSP_OS_TimeDlyMs)
    BSP_Tick_Init                            0x080009b1   Thumb Code    90  bsp.o(i.BSP_Tick_Init)
    BusFault_Handler                         0x08000a19   Thumb Code     4  stm32f4xx_it.o(i.BusFault_Handler)
    CPU_Init                                 0x08000a1d   Thumb Code    12  cpu_core.o(i.CPU_Init)
    CPU_NameClr                              0x08000a29   Thumb Code    42  cpu_core.o(i.CPU_NameClr)
    CPU_TS_TmrFreqSet                        0x08000a75   Thumb Code     6  cpu_core.o(i.CPU_TS_TmrFreqSet)
    CPU_TS_TmrInit                           0x08000a81   Thumb Code    44  bsp.o(i.CPU_TS_TmrInit)
    CPU_TS_TmrRd                             0x08000ab5   Thumb Code     6  bsp.o(i.CPU_TS_TmrRd)
    ComToUart                                0x08000ac1   Thumb Code    52  bsp_uart_fifo.o(i.ComToUart)
    DMA2_Stream3_IRQHandler                  0x08000b6d   Thumb Code     8  bsp_sdio_sd.o(i.DMA2_Stream3_IRQHandler)
    DMA_ClearFlag                            0x08000b75   Thumb Code    38  stm32f4xx_dma.o(i.DMA_ClearFlag)
    DebugMon_Handler                         0x08000ba9   Thumb Code     2  stm32f4xx_it.o(i.DebugMon_Handler)
    GPIO_Init                                0x08000cf9   Thumb Code   144  stm32f4xx_gpio.o(i.GPIO_Init)
    GPIO_PinAFConfig                         0x08000d89   Thumb Code    70  stm32f4xx_gpio.o(i.GPIO_PinAFConfig)
    GPIO_ResetBits                           0x08000dcf   Thumb Code     4  stm32f4xx_gpio.o(i.GPIO_ResetBits)
    GPIO_SetBits                             0x08000dd3   Thumb Code     4  stm32f4xx_gpio.o(i.GPIO_SetBits)
    HardFault_Handler                        0x08000dd7   Thumb Code     4  stm32f4xx_it.o(i.HardFault_Handler)
    MemManage_Handler                        0x080011af   Thumb Code     4  stm32f4xx_it.o(i.MemManage_Handler)
    Mem_Clr                                  0x080011b3   Thumb Code    18  lib_mem.o(i.Mem_Clr)
    Mem_Set                                  0x080011c5   Thumb Code    98  lib_mem.o(i.Mem_Set)
    NMI_Handler                              0x08001227   Thumb Code     2  stm32f4xx_it.o(i.NMI_Handler)
    NVIC_Init                                0x08001229   Thumb Code   106  misc.o(i.NVIC_Init)
    NVIC_PriorityGroupConfig                 0x080012a1   Thumb Code    10  misc.o(i.NVIC_PriorityGroupConfig)
    OSCfg_Init                               0x080012b5   Thumb Code     2  os_cfg_app.o(i.OSCfg_Init)
    OSIdleTaskHook                           0x080012b9   Thumb Code    16  os_cpu_c.o(i.OSIdleTaskHook)
    OSInit                                   0x080012cd   Thumb Code   276  os_core.o(i.OSInit)
    OSInitHook                               0x08001435   Thumb Code    28  os_cpu_c.o(i.OSInitHook)
    OSIntEnter                               0x0800145d   Thumb Code    34  os_core.o(i.OSIntEnter)
    OSIntExit                                0x08001489   Thumb Code   188  os_core.o(i.OSIntExit)
    OSSched                                  0x08001565   Thumb Code   130  os_core.o(i.OSSched)
    OSSchedLock                              0x08001605   Thumb Code   100  os_core.o(i.OSSchedLock)
    OSSchedUnlock                            0x08001675   Thumb Code   132  os_core.o(i.OSSchedUnlock)
    OSSemCreate                              0x08001705   Thumb Code   116  os_sem.o(i.OSSemCreate)
    OSSemPost                                0x08001785   Thumb Code   108  os_sem.o(i.OSSemPost)
    OSStart                                  0x080017f5   Thumb Code    78  os_core.o(i.OSStart)
    OSStatReset                              0x0800185d   Thumb Code   256  os_stat.o(i.OSStatReset)
    OSStatTaskCPUUsageInit                   0x08001979   Thumb Code   212  os_stat.o(i.OSStatTaskCPUUsageInit)
    OSStatTaskHook                           0x08001a69   Thumb Code    16  os_cpu_c.o(i.OSStatTaskHook)
    OSTaskCreate                             0x08001a7d   Thumb Code   412  os_task.o(i.OSTaskCreate)
    OSTaskCreateHook                         0x08001c31   Thumb Code    20  os_cpu_c.o(i.OSTaskCreateHook)
    OSTaskDel                                0x08001c49   Thumb Code   278  os_task.o(i.OSTaskDel)
    OSTaskDelHook                            0x08001d71   Thumb Code    20  os_cpu_c.o(i.OSTaskDelHook)
    OSTaskResume                             0x08001d89   Thumb Code    96  os_task.o(i.OSTaskResume)
    OSTaskReturnHook                         0x08001df1   Thumb Code    20  os_cpu_c.o(i.OSTaskReturnHook)
    OSTaskSemPend                            0x08001e09   Thumb Code   464  os_task.o(i.OSTaskSemPend)
    OSTaskSemPost                            0x08001fe5   Thumb Code    62  os_task.o(i.OSTaskSemPost)
    OSTaskStkChk                             0x08002025   Thumb Code   204  os_task.o(i.OSTaskStkChk)
    OSTaskStkInit                            0x080020f9   Thumb Code   204  os_cpu_c.o(i.OSTaskStkInit)
    OSTaskSuspend                            0x080021c9   Thumb Code    48  os_task.o(i.OSTaskSuspend)
    OSTaskSwHook                             0x08002201   Thumb Code    86  os_cpu_c.o(i.OSTaskSwHook)
    OSTimeDly                                0x08002265   Thumb Code   182  os_time.o(i.OSTimeDly)
    OSTimeDlyHMSM                            0x08002329   Thumb Code   394  os_time.o(i.OSTimeDlyHMSM)
    OSTimeTick                               0x080024c5   Thumb Code    68  os_time.o(i.OSTimeTick)
    OSTimeTickHook                           0x08002521   Thumb Code    16  os_cpu_c.o(i.OSTimeTickHook)
    OS_CPU_SysTickHandler                    0x08002535   Thumb Code    52  os_cpu_c.o(i.OS_CPU_SysTickHandler)
    OS_Dbg_Init                              0x0800256d   Thumb Code   148  os_dbg.o(i.OS_Dbg_Init)
    OS_FlagInit                              0x08002719   Thumb Code    14  os_flag.o(i.OS_FlagInit)
    OS_IdleTask                              0x08002731   Thumb Code    60  os_core.o(i.OS_IdleTask)
    OS_IdleTaskInit                          0x08002775   Thumb Code    66  os_core.o(i.OS_IdleTaskInit)
    OS_MemInit                               0x080027e5   Thumb Code    14  os_mem.o(i.OS_MemInit)
    OS_MsgPoolInit                           0x080027fd   Thumb Code   110  os_msg.o(i.OS_MsgPoolInit)
    OS_MsgQFreeAll                           0x08002879   Thumb Code    62  os_msg.o(i.OS_MsgQFreeAll)
    OS_MsgQInit                              0x080028bd   Thumb Code    14  os_msg.o(i.OS_MsgQInit)
    OS_MutexInit                             0x080028cd   Thumb Code    14  os_mutex.o(i.OS_MutexInit)
    OS_Pend                                  0x080028e5   Thumb Code    98  os_core.o(i.OS_Pend)
    OS_PendDataInit                          0x0800294d   Thumb Code    38  os_core.o(i.OS_PendDataInit)
    OS_PendDbgNameAdd                        0x08002975   Thumb Code    66  os_core.o(i.OS_PendDbgNameAdd)
    OS_PendDbgNameRemove                     0x080029d1   Thumb Code    30  os_core.o(i.OS_PendDbgNameRemove)
    OS_PendListInit                          0x080029f5   Thumb Code    10  os_core.o(i.OS_PendListInit)
    OS_PendListInsertPrio                    0x080029ff   Thumb Code   102  os_core.o(i.OS_PendListInsertPrio)
    OS_PendListRemove                        0x08002a65   Thumb Code    48  os_core.o(i.OS_PendListRemove)
    OS_PendListRemove1                       0x08002a95   Thumb Code    66  os_core.o(i.OS_PendListRemove1)
    OS_Post                                  0x08002ad7   Thumb Code   192  os_core.o(i.OS_Post)
    OS_Post1                                 0x08002b97   Thumb Code    42  os_core.o(i.OS_Post1)
    OS_PrioGetHighest                        0x08002bc1   Thumb Code    36  os_prio.o(i.OS_PrioGetHighest)
    OS_PrioInit                              0x08002be9   Thumb Code    20  os_prio.o(i.OS_PrioInit)
    OS_PrioInsert                            0x08002c01   Thumb Code    32  os_prio.o(i.OS_PrioInsert)
    OS_PrioRemove                            0x08002c25   Thumb Code    32  os_prio.o(i.OS_PrioRemove)
    OS_QInit                                 0x08002c49   Thumb Code    14  os_q.o(i.OS_QInit)
    OS_RdyListInit                           0x08002c61   Thumb Code    32  os_core.o(i.OS_RdyListInit)
    OS_RdyListInsert                         0x08002c85   Thumb Code    40  os_core.o(i.OS_RdyListInsert)
    OS_RdyListInsertHead                     0x08002cb1   Thumb Code    58  os_core.o(i.OS_RdyListInsertHead)
    OS_RdyListInsertTail                     0x08002cf1   Thumb Code    56  os_core.o(i.OS_RdyListInsertTail)
    OS_RdyListMoveHeadToTail                 0x08002d2d   Thumb Code    68  os_core.o(i.OS_RdyListMoveHeadToTail)
    OS_RdyListRemove                         0x08002d71   Thumb Code    86  os_core.o(i.OS_RdyListRemove)
    OS_SchedRoundRobin                       0x08002dcd   Thumb Code   190  os_core.o(i.OS_SchedRoundRobin)
    OS_SemDbgListAdd                         0x08002e9d   Thumb Code    38  os_sem.o(i.OS_SemDbgListAdd)
    OS_SemInit                               0x08002ecd   Thumb Code    14  os_sem.o(i.OS_SemInit)
    OS_SemPost                               0x08002ee5   Thumb Code   294  os_sem.o(i.OS_SemPost)
    OS_StatTask                              0x0800300d   Thumb Code   686  os_stat.o(i.OS_StatTask)
    OS_StatTaskInit                          0x080032f9   Thumb Code   136  os_stat.o(i.OS_StatTaskInit)
    OS_TaskBlock                             0x080033c5   Thumb Code    56  os_core.o(i.OS_TaskBlock)
    OS_TaskDbgListAdd                        0x080033fd   Thumb Code    42  os_task.o(i.OS_TaskDbgListAdd)
    OS_TaskDbgListRemove                     0x0800342d   Thumb Code    64  os_task.o(i.OS_TaskDbgListRemove)
    OS_TaskInit                              0x08003471   Thumb Code    18  os_task.o(i.OS_TaskInit)
    OS_TaskInitTCB                           0x08003491   Thumb Code   186  os_task.o(i.OS_TaskInitTCB)
    OS_TaskRdy                               0x08003559   Thumb Code    28  os_core.o(i.OS_TaskRdy)
    OS_TaskResume                            0x08003575   Thumb Code   256  os_task.o(i.OS_TaskResume)
    OS_TaskReturn                            0x08003675   Thumb Code    20  os_task.o(i.OS_TaskReturn)
    OS_TaskSemPost                           0x0800368d   Thumb Code   448  os_task.o(i.OS_TaskSemPost)
    OS_TaskSuspend                           0x08003851   Thumb Code   272  os_task.o(i.OS_TaskSuspend)
    OS_TickListInit                          0x08003969   Thumb Code    32  os_tick.o(i.OS_TickListInit)
    OS_TickListInsert                        0x08003991   Thumb Code   430  os_tick.o(i.OS_TickListInsert)
    OS_TickListRemove                        0x08003b4d   Thumb Code    56  os_tick.o(i.OS_TickListRemove)
    OS_TickListResetPeak                     0x08003b85   Thumb Code    28  os_tick.o(i.OS_TickListResetPeak)
    OS_TickListUpdate                        0x08003ba9   Thumb Code   376  os_tick.o(i.OS_TickListUpdate)
    OS_TickTask                              0x08003d31   Thumb Code    38  os_tick.o(i.OS_TickTask)
    OS_TickTaskInit                          0x08003d5d   Thumb Code   128  os_tick.o(i.OS_TickTaskInit)
    OS_TmrInit                               0x08003e15   Thumb Code   206  os_tmr.o(i.OS_TmrInit)
    OS_TmrLink                               0x08003f3d   Thumb Code   196  os_tmr.o(i.OS_TmrLink)
    OS_TmrResetPeak                          0x0800400d   Thumb Code    28  os_tmr.o(i.OS_TmrResetPeak)
    OS_TmrTask                               0x08004031   Thumb Code   176  os_tmr.o(i.OS_TmrTask)
    OS_TmrUnlink                             0x080040f1   Thumb Code    72  os_tmr.o(i.OS_TmrUnlink)
    RCC_AHB1PeriphClockCmd                   0x08004141   Thumb Code    26  stm32f4xx_rcc.o(i.RCC_AHB1PeriphClockCmd)
    RCC_APB1PeriphClockCmd                   0x08004161   Thumb Code    26  stm32f4xx_rcc.o(i.RCC_APB1PeriphClockCmd)
    RCC_APB2PeriphClockCmd                   0x08004181   Thumb Code    26  stm32f4xx_rcc.o(i.RCC_APB2PeriphClockCmd)
    RCC_GetClocksFreq                        0x080041a1   Thumb Code   214  stm32f4xx_rcc.o(i.RCC_GetClocksFreq)
    RS485_InitTXE                            0x08004289   Thumb Code    46  bsp_uart_fifo.o(i.RS485_InitTXE)
    RS485_ReciveNew                          0x080042bd   Thumb Code     2  bsp_uart_fifo.o(i.RS485_ReciveNew)
    RS485_SendBefor                          0x080042c1   Thumb Code     8  bsp_uart_fifo.o(i.RS485_SendBefor)
    RS485_SendOver                           0x080042cd   Thumb Code     8  bsp_uart_fifo.o(i.RS485_SendOver)
    SDIO_ClearITPendingBit                   0x080042d9   Thumb Code     6  stm32f4xx_sdio.o(i.SDIO_ClearITPendingBit)
    SDIO_GetITStatus                         0x080042e5   Thumb Code    20  stm32f4xx_sdio.o(i.SDIO_GetITStatus)
    SDIO_IRQHandler                          0x080042fd   Thumb Code     8  bsp_sdio_sd.o(i.SDIO_IRQHandler)
    SDIO_ITConfig                            0x08004305   Thumb Code    26  stm32f4xx_sdio.o(i.SDIO_ITConfig)
    SD_ProcessDMAIRQ                         0x08004325   Thumb Code    32  bsp_sdio_sd.o(i.SD_ProcessDMAIRQ)
    SD_ProcessIRQSrc                         0x0800434d   Thumb Code   162  bsp_sdio_sd.o(i.SD_ProcessIRQSrc)
    SPI_Cmd                                  0x0800444d   Thumb Code    24  stm32f4xx_spi.o(i.SPI_Cmd)
    SPI_I2S_GetFlagStatus                    0x08004465   Thumb Code    18  stm32f4xx_spi.o(i.SPI_I2S_GetFlagStatus)
    SPI_I2S_ReceiveData                      0x08004477   Thumb Code     6  stm32f4xx_spi.o(i.SPI_I2S_ReceiveData)
    SPI_I2S_SendData                         0x0800447d   Thumb Code     4  stm32f4xx_spi.o(i.SPI_I2S_SendData)
    SPI_Init                                 0x08004481   Thumb Code    60  stm32f4xx_spi.o(i.SPI_Init)
    SVC_Handler                              0x080044bd   Thumb Code     2  stm32f4xx_it.o(i.SVC_Handler)
    SystemInit                               0x080045ad   Thumb Code    88  system_stm32f4xx.o(i.SystemInit)
    TIM_ARRPreloadConfig                     0x08004615   Thumb Code    24  stm32f4xx_tim.o(i.TIM_ARRPreloadConfig)
    TIM_Cmd                                  0x0800462d   Thumb Code    24  stm32f4xx_tim.o(i.TIM_Cmd)
    TIM_CtrlPWMOutputs                       0x08004645   Thumb Code    30  stm32f4xx_tim.o(i.TIM_CtrlPWMOutputs)
    TIM_OC1Init                              0x08004665   Thumb Code   114  stm32f4xx_tim.o(i.TIM_OC1Init)
    TIM_OC1PreloadConfig                     0x080046e1   Thumb Code    18  stm32f4xx_tim.o(i.TIM_OC1PreloadConfig)
    TIM_OC2Init                              0x080046f5   Thumb Code   154  stm32f4xx_tim.o(i.TIM_OC2Init)
    TIM_OC2PreloadConfig                     0x08004799   Thumb Code    26  stm32f4xx_tim.o(i.TIM_OC2PreloadConfig)
    TIM_OC3Init                              0x080047b5   Thumb Code   150  stm32f4xx_tim.o(i.TIM_OC3Init)
    TIM_OC3PreloadConfig                     0x08004855   Thumb Code    18  stm32f4xx_tim.o(i.TIM_OC3PreloadConfig)
    TIM_OC4Init                              0x08004869   Thumb Code   112  stm32f4xx_tim.o(i.TIM_OC4Init)
    TIM_OC4PreloadConfig                     0x080048e1   Thumb Code    26  stm32f4xx_tim.o(i.TIM_OC4PreloadConfig)
    TIM_TimeBaseInit                         0x080048fd   Thumb Code   104  stm32f4xx_tim.o(i.TIM_TimeBaseInit)
    USART1_IRQHandler                        0x08004981   Thumb Code    48  bsp_uart_fifo.o(i.USART1_IRQHandler)
    USART2_IRQHandler                        0x080049b5   Thumb Code    48  bsp_uart_fifo.o(i.USART2_IRQHandler)
    USART3_IRQHandler                        0x080049e9   Thumb Code    48  bsp_uart_fifo.o(i.USART3_IRQHandler)
    USART6_IRQHandler                        0x08004a1d   Thumb Code    48  bsp_uart_fifo.o(i.USART6_IRQHandler)
    USART_ClearFlag                          0x08004a51   Thumb Code    18  stm32f4xx_usart.o(i.USART_ClearFlag)
    USART_Cmd                                0x08004a63   Thumb Code    24  stm32f4xx_usart.o(i.USART_Cmd)
    USART_GetITStatus                        0x08004a7b   Thumb Code    84  stm32f4xx_usart.o(i.USART_GetITStatus)
    USART_ITConfig                           0x08004acf   Thumb Code    74  stm32f4xx_usart.o(i.USART_ITConfig)
    USART_Init                               0x08004b19   Thumb Code   204  stm32f4xx_usart.o(i.USART_Init)
    USART_ReceiveData                        0x08004bed   Thumb Code    10  stm32f4xx_usart.o(i.USART_ReceiveData)
    USART_SendData                           0x08004bf7   Thumb Code     8  stm32f4xx_usart.o(i.USART_SendData)
    UsageFault_Handler                       0x08004e7d   Thumb Code     4  stm32f4xx_it.o(i.UsageFault_Handler)
    W25QXX_Erase_Sector                      0x08004e81   Thumb Code    68  bsp_spi_flash.o(i.W25QXX_Erase_Sector)
    W25QXX_Read                              0x08004ec9   Thumb Code    82  bsp_spi_flash.o(i.W25QXX_Read)
    W25QXX_ReadSR                            0x08004f21   Thumb Code    42  bsp_spi_flash.o(i.W25QXX_ReadSR)
    W25QXX_Wait_Busy                         0x08004f51   Thumb Code    18  bsp_spi_flash.o(i.W25QXX_Wait_Busy)
    W25QXX_Write                             0x08004f65   Thumb Code   180  bsp_spi_flash.o(i.W25QXX_Write)
    W25QXX_Write_Enable                      0x0800501d   Thumb Code    30  bsp_spi_flash.o(i.W25QXX_Write_Enable)
    W25QXX_Write_NoCheck                     0x08005041   Thumb Code    70  bsp_spi_flash.o(i.W25QXX_Write_NoCheck)
    W25QXX_Write_Page                        0x08005089   Thumb Code    88  bsp_spi_flash.o(i.W25QXX_Write_Page)
    __0printf                                0x080050e5   Thumb Code    22  printfa.o(i.__0printf)
    __1printf                                0x080050e5   Thumb Code     0  printfa.o(i.__0printf)
    __2printf                                0x080050e5   Thumb Code     0  printfa.o(i.__0printf)
    __c89printf                              0x080050e5   Thumb Code     0  printfa.o(i.__0printf)
    printf                                   0x080050e5   Thumb Code     0  printfa.o(i.__0printf)
    __scatterload_copy                       0x08005105   Thumb Code    14  handlers.o(i.__scatterload_copy)
    __scatterload_null                       0x08005113   Thumb Code     2  handlers.o(i.__scatterload_null)
    __scatterload_zeroinit                   0x08005115   Thumb Code    14  handlers.o(i.__scatterload_zeroinit)
    bsp_FlashInit                            0x080059b9   Thumb Code   224  bsp_spi_flash.o(i.bsp_FlashInit)
    bsp_GetKey                               0x08005aa1   Thumb Code    46  bsp_key.o(i.bsp_GetKey)
    bsp_Init                                 0x08005ad5   Thumb Code   106  bsp.o(i.bsp_Init)
    bsp_InitI2C                              0x08005b4d   Thumb Code    50  bsp_i2c_gpio.o(i.bsp_InitI2C)
    bsp_InitKey                              0x08005b85   Thumb Code    12  bsp_key.o(i.bsp_InitKey)
    bsp_InitLed                              0x08005d05   Thumb Code   112  bsp_led.o(i.bsp_InitLed)
    bsp_InitNRF                              0x08005d81   Thumb Code   232  bsp_spi_nrf.o(i.bsp_InitNRF)
    bsp_InitSPIBus                           0x08005e71   Thumb Code   126  bsp_spi_bus.o(i.bsp_InitSPIBus)
    bsp_InitUart                             0x08005ef9   Thumb Code    20  bsp_uart_fifo.o(i.bsp_InitUart)
    bsp_LedOff                               0x08005f0d   Thumb Code    52  bsp_led.o(i.bsp_LedOff)
    bsp_LedToggle                            0x08005f4d   Thumb Code    72  bsp_led.o(i.bsp_LedToggle)
    bsp_SPI_Init                             0x08005fa1   Thumb Code    40  bsp_spi_bus.o(i.bsp_SPI_Init)
    bsp_ServoInit                            0x08005fcd   Thumb Code    12  bsp_tim_pwm.o(i.bsp_ServoInit)
    comSendBuf                               0x080063e1   Thumb Code    46  bsp_uart_fifo.o(i.comSendBuf)
    comSendChar                              0x0800640f   Thumb Code    16  bsp_uart_fifo.o(i.comSendChar)
    disk_initialize                          0x0800641f   Thumb Code    32  diskio.o(i.disk_initialize)
    disk_ioctl                               0x08006441   Thumb Code    68  diskio.o(i.disk_ioctl)
    disk_read                                0x08006489   Thumb Code    68  diskio.o(i.disk_read)
    disk_status                              0x080064cd   Thumb Code     6  diskio.o(i.disk_status)
    disk_write                               0x080064d3   Thumb Code    68  diskio.o(i.disk_write)
    f_mkfs                                   0x08006519   Thumb Code  1582  ff.o(i.f_mkfs)
    f_mount                                  0x08006b61   Thumb Code    86  ff.o(i.f_mount)
    fputc                                    0x08006f51   Thumb Code    18  bsp_uart_fifo.o(i.fputc)
    get_fattime                              0x08006f65   Thumb Code     4  diskio.o(i.get_fattime)
    i2c_Stop                                 0x08006fc5   Thumb Code    32  bsp_i2c_gpio.o(i.i2c_Stop)
    main                                     0x08006fe9   Thumb Code    70  main.o(i.main)
    OSCfg_IdleTaskStkBasePtr                 0x08007100   Data           4  os_cfg_app.o(.constdata)
    OSCfg_IdleTaskStkLimit                   0x08007104   Data           4  os_cfg_app.o(.constdata)
    OSCfg_IdleTaskStkSize                    0x08007108   Data           4  os_cfg_app.o(.constdata)
    OSCfg_IdleTaskStkSizeRAM                 0x0800710c   Data           4  os_cfg_app.o(.constdata)
    OSCfg_IntQBasePtr                        0x08007110   Data           4  os_cfg_app.o(.constdata)
    OSCfg_IntQSize                           0x08007114   Data           2  os_cfg_app.o(.constdata)
    OSCfg_IntQSizeRAM                        0x08007118   Data           4  os_cfg_app.o(.constdata)
    OSCfg_IntQTaskStkBasePtr                 0x0800711c   Data           4  os_cfg_app.o(.constdata)
    OSCfg_IntQTaskStkLimit                   0x08007120   Data           4  os_cfg_app.o(.constdata)
    OSCfg_IntQTaskStkSize                    0x08007124   Data           4  os_cfg_app.o(.constdata)
    OSCfg_IntQTaskStkSizeRAM                 0x08007128   Data           4  os_cfg_app.o(.constdata)
    OSCfg_ISRStkBasePtr                      0x0800712c   Data           4  os_cfg_app.o(.constdata)
    OSCfg_ISRStkSize                         0x08007130   Data           4  os_cfg_app.o(.constdata)
    OSCfg_ISRStkSizeRAM                      0x08007134   Data           4  os_cfg_app.o(.constdata)
    OSCfg_MsgPoolSize                        0x08007138   Data           2  os_cfg_app.o(.constdata)
    OSCfg_MsgPoolSizeRAM                     0x0800713c   Data           4  os_cfg_app.o(.constdata)
    OSCfg_MsgPoolBasePtr                     0x08007140   Data           4  os_cfg_app.o(.constdata)
    OSCfg_StatTaskPrio                       0x08007144   Data           1  os_cfg_app.o(.constdata)
    OSCfg_StatTaskRate_Hz                    0x08007148   Data           4  os_cfg_app.o(.constdata)
    OSCfg_StatTaskStkBasePtr                 0x0800714c   Data           4  os_cfg_app.o(.constdata)
    OSCfg_StatTaskStkLimit                   0x08007150   Data           4  os_cfg_app.o(.constdata)
    OSCfg_StatTaskStkSize                    0x08007154   Data           4  os_cfg_app.o(.constdata)
    OSCfg_StatTaskStkSizeRAM                 0x08007158   Data           4  os_cfg_app.o(.constdata)
    OSCfg_StkSizeMin                         0x0800715c   Data           4  os_cfg_app.o(.constdata)
    OSCfg_TickRate_Hz                        0x08007160   Data           4  os_cfg_app.o(.constdata)
    OSCfg_TickTaskPrio                       0x08007164   Data           1  os_cfg_app.o(.constdata)
    OSCfg_TickTaskStkBasePtr                 0x08007168   Data           4  os_cfg_app.o(.constdata)
    OSCfg_TickTaskStkLimit                   0x0800716c   Data           4  os_cfg_app.o(.constdata)
    OSCfg_TickTaskStkSize                    0x08007170   Data           4  os_cfg_app.o(.constdata)
    OSCfg_TickTaskStkSizeRAM                 0x08007174   Data           4  os_cfg_app.o(.constdata)
    OSCfg_TickWheelSize                      0x08007178   Data           2  os_cfg_app.o(.constdata)
    OSCfg_TickWheelSizeRAM                   0x0800717c   Data           4  os_cfg_app.o(.constdata)
    OSCfg_TmrTaskPrio                        0x08007180   Data           1  os_cfg_app.o(.constdata)
    OSCfg_TmrTaskRate_Hz                     0x08007184   Data           4  os_cfg_app.o(.constdata)
    OSCfg_TmrTaskStkBasePtr                  0x08007188   Data           4  os_cfg_app.o(.constdata)
    OSCfg_TmrTaskStkLimit                    0x0800718c   Data           4  os_cfg_app.o(.constdata)
    OSCfg_TmrTaskStkSize                     0x08007190   Data           4  os_cfg_app.o(.constdata)
    OSCfg_TmrTaskStkSizeRAM                  0x08007194   Data           4  os_cfg_app.o(.constdata)
    OSCfg_TmrWheelSize                       0x08007198   Data           2  os_cfg_app.o(.constdata)
    OSCfg_TmrWheelSizeRAM                    0x0800719c   Data           4  os_cfg_app.o(.constdata)
    OSCfg_DataSizeRAM                        0x080071a0   Data           4  os_cfg_app.o(.constdata)
    OSDbg_DbgEn                              0x080071a4   Data           1  os_dbg.o(.constdata)
    OSDbg_ArgChkEn                           0x080071a5   Data           1  os_dbg.o(.constdata)
    OSDbg_AppHooksEn                         0x080071a6   Data           1  os_dbg.o(.constdata)
    OSDbg_EndiannessTest                     0x080071a8   Data           4  os_dbg.o(.constdata)
    OSDbg_CalledFromISRChkEn                 0x080071ac   Data           1  os_dbg.o(.constdata)
    OSDbg_FlagEn                             0x080071ad   Data           1  os_dbg.o(.constdata)
    OSDbg_FlagGrp                            0x080071b0   Data          40  os_dbg.o(.constdata)
    OSDbg_FlagDelEn                          0x080071d8   Data           1  os_dbg.o(.constdata)
    OSDbg_FlagModeClrEn                      0x080071d9   Data           1  os_dbg.o(.constdata)
    OSDbg_FlagPendAbortEn                    0x080071da   Data           1  os_dbg.o(.constdata)
    OSDbg_FlagGrpSize                        0x080071dc   Data           2  os_dbg.o(.constdata)
    OSDbg_FlagWidth                          0x080071de   Data           2  os_dbg.o(.constdata)
    OSDbg_IntQ                               0x080071e0   Data           2  os_dbg.o(.constdata)
    OSDbg_ISRPostDeferredEn                  0x080071e2   Data           1  os_dbg.o(.constdata)
    OSDbg_Mem                                0x080071e4   Data          32  os_dbg.o(.constdata)
    OSDbg_MemEn                              0x08007204   Data           1  os_dbg.o(.constdata)
    OSDbg_MemSize                            0x08007206   Data           2  os_dbg.o(.constdata)
    OSDbg_MsgEn                              0x08007208   Data           1  os_dbg.o(.constdata)
    OSDbg_MsgSize                            0x0800720a   Data           2  os_dbg.o(.constdata)
    OSDbg_MsgPoolSize                        0x0800720c   Data           2  os_dbg.o(.constdata)
    OSDbg_MsgQSize                           0x0800720e   Data           2  os_dbg.o(.constdata)
    OSDbg_Mutex                              0x08007210   Data          44  os_dbg.o(.constdata)
    OSDbg_MutexEn                            0x0800723c   Data           1  os_dbg.o(.constdata)
    OSDbg_MutexDelEn                         0x0800723d   Data           1  os_dbg.o(.constdata)
    OSDbg_MutexPendAbortEn                   0x0800723e   Data           1  os_dbg.o(.constdata)
    OSDbg_MutexSize                          0x08007240   Data           2  os_dbg.o(.constdata)
    OSDbg_ObjTypeChkEn                       0x08007242   Data           1  os_dbg.o(.constdata)
    OSDbg_PendMultiEn                        0x08007243   Data           1  os_dbg.o(.constdata)
    OSDbg_PendDataSize                       0x08007244   Data           2  os_dbg.o(.constdata)
    OSDbg_PendListSize                       0x08007246   Data           2  os_dbg.o(.constdata)
    OSDbg_PendObjSize                        0x08007248   Data           2  os_dbg.o(.constdata)
    OSDbg_PrioMax                            0x0800724a   Data           2  os_dbg.o(.constdata)
    OSDbg_PrioTblSize                        0x0800724c   Data           2  os_dbg.o(.constdata)
    OSDbg_PtrSize                            0x0800724e   Data           2  os_dbg.o(.constdata)
    OSDbg_Q                                  0x08007250   Data          48  os_dbg.o(.constdata)
    OSDbg_QEn                                0x08007280   Data           1  os_dbg.o(.constdata)
    OSDbg_QDelEn                             0x08007281   Data           1  os_dbg.o(.constdata)
    OSDbg_QFlushEn                           0x08007282   Data           1  os_dbg.o(.constdata)
    OSDbg_QPendAbortEn                       0x08007283   Data           1  os_dbg.o(.constdata)
    OSDbg_QSize                              0x08007284   Data           2  os_dbg.o(.constdata)
    OSDbg_SchedRoundRobinEn                  0x08007286   Data           1  os_dbg.o(.constdata)
    OSDbg_Sem                                0x08007288   Data          40  os_dbg.o(.constdata)
    OSDbg_SemEn                              0x080072b0   Data           1  os_dbg.o(.constdata)
    OSDbg_SemDelEn                           0x080072b1   Data           1  os_dbg.o(.constdata)
    OSDbg_SemPendAbortEn                     0x080072b2   Data           1  os_dbg.o(.constdata)
    OSDbg_SemSetEn                           0x080072b3   Data           1  os_dbg.o(.constdata)
    OSDbg_SemSize                            0x080072b4   Data           2  os_dbg.o(.constdata)
    OSDbg_RdyList                            0x080072b6   Data           2  os_dbg.o(.constdata)
    OSDbg_RdyListSize                        0x080072b8   Data           4  os_dbg.o(.constdata)
    OSDbg_StkWidth                           0x080072bc   Data           1  os_dbg.o(.constdata)
    OSDbg_StatTaskEn                         0x080072bd   Data           1  os_dbg.o(.constdata)
    OSDbg_StatTaskStkChkEn                   0x080072be   Data           1  os_dbg.o(.constdata)
    OSDbg_TaskChangePrioEn                   0x080072bf   Data           1  os_dbg.o(.constdata)
    OSDbg_TaskDelEn                          0x080072c0   Data           1  os_dbg.o(.constdata)
    OSDbg_TaskQEn                            0x080072c1   Data           1  os_dbg.o(.constdata)
    OSDbg_TaskQPendAbortEn                   0x080072c2   Data           1  os_dbg.o(.constdata)
    OSDbg_TaskProfileEn                      0x080072c3   Data           1  os_dbg.o(.constdata)
    OSDbg_TaskRegTblSize                     0x080072c4   Data           2  os_dbg.o(.constdata)
    OSDbg_TaskSemPendAbortEn                 0x080072c6   Data           1  os_dbg.o(.constdata)
    OSDbg_TaskSuspendEn                      0x080072c7   Data           1  os_dbg.o(.constdata)
    OSDbg_TCBSize                            0x080072c8   Data           2  os_dbg.o(.constdata)
    OSDbg_TickSpokeSize                      0x080072ca   Data           2  os_dbg.o(.constdata)
    OSDbg_TimeDlyHMSMEn                      0x080072cc   Data           1  os_dbg.o(.constdata)
    OSDbg_TimeDlyResumeEn                    0x080072cd   Data           1  os_dbg.o(.constdata)
    OSDbg_TLS_TblSize                        0x080072ce   Data           2  os_dbg.o(.constdata)
    OSDbg_Tmr                                0x080072d0   Data          52  os_dbg.o(.constdata)
    OSDbg_TmrEn                              0x08007304   Data           1  os_dbg.o(.constdata)
    OSDbg_TmrDelEn                           0x08007305   Data           1  os_dbg.o(.constdata)
    OSDbg_TmrSize                            0x08007306   Data           2  os_dbg.o(.constdata)
    OSDbg_TmrSpokeSize                       0x08007308   Data           2  os_dbg.o(.constdata)
    OSDbg_VersionNbr                         0x0800730a   Data           2  os_dbg.o(.constdata)
    OSDbg_DataSize                           0x0800730c   Data           4  os_dbg.o(.constdata)
    Region$$Table$$Base                      0x08007380   Number         0  anon$$obj.o(Region$$Table)
    Region$$Table$$Limit                     0x080073a0   Number         0  anon$$obj.o(Region$$Table)
    result                                   0x20000000   Data           1  bsp.o(.data)
    bw                                       0x20000004   Data           4  bsp.o(.data)
    StopCondition                            0x20000010   Data           4  bsp_sdio_sd.o(.data)
    TransferError                            0x20000014   Data           1  bsp_sdio_sd.o(.data)
    TransferEnd                              0x20000018   Data           4  bsp_sdio_sd.o(.data)
    DMAEndOfTransfer                         0x2000001c   Data           4  bsp_sdio_sd.o(.data)
    CPU_TS_TmrFreq_Hz                        0x20000034   Data           4  cpu_core.o(.data)
    OSPrioTbl                                0x20000038   Data           8  os_prio.o(.data)
    OS_AppTaskCreateHookPtr                  0x20000040   Data           4  os_var.o(.data)
    OS_AppTaskDelHookPtr                     0x20000044   Data           4  os_var.o(.data)
    OS_AppTaskReturnHookPtr                  0x20000048   Data           4  os_var.o(.data)
    OS_AppIdleTaskHookPtr                    0x2000004c   Data           4  os_var.o(.data)
    OS_AppStatTaskHookPtr                    0x20000050   Data           4  os_var.o(.data)
    OS_AppTaskSwHookPtr                      0x20000054   Data           4  os_var.o(.data)
    OS_AppTimeTickHookPtr                    0x20000058   Data           4  os_var.o(.data)
    OSIdleTaskCtr                            0x2000005c   Data           4  os_var.o(.data)
    OSIntNestingCtr                          0x20000060   Data           1  os_var.o(.data)
    OSRunning                                0x20000061   Data           1  os_var.o(.data)
    OSFlagDbgListPtr                         0x20000064   Data           4  os_var.o(.data)
    OSFlagQty                                0x20000068   Data           2  os_var.o(.data)
    OSMemDbgListPtr                          0x2000006c   Data           4  os_var.o(.data)
    OSMemQty                                 0x20000070   Data           2  os_var.o(.data)
    OSMutexDbgListPtr                        0x20000074   Data           4  os_var.o(.data)
    OSMutexQty                               0x20000078   Data           2  os_var.o(.data)
    OSPrioCur                                0x2000007a   Data           1  os_var.o(.data)
    OSPrioHighRdy                            0x2000007b   Data           1  os_var.o(.data)
    OSPrioSaved                              0x2000007c   Data           1  os_var.o(.data)
    OSQDbgListPtr                            0x20000080   Data           4  os_var.o(.data)
    OSQQty                                   0x20000084   Data           2  os_var.o(.data)
    OSSchedLockNestingCtr                    0x20000086   Data           1  os_var.o(.data)
    OSSchedRoundRobinDfltTimeQuanta          0x20000088   Data           4  os_var.o(.data)
    OSSchedRoundRobinEn                      0x2000008c   Data           1  os_var.o(.data)
    OSSemDbgListPtr                          0x20000090   Data           4  os_var.o(.data)
    OSSemQty                                 0x20000094   Data           2  os_var.o(.data)
    OSStatResetFlag                          0x20000096   Data           1  os_var.o(.data)
    OSStatTaskCPUUsage                       0x20000098   Data           2  os_var.o(.data)
    OSStatTaskCPUUsageMax                    0x2000009a   Data           2  os_var.o(.data)
    OSStatTaskCtr                            0x2000009c   Data           4  os_var.o(.data)
    OSStatTaskCtrMax                         0x200000a0   Data           4  os_var.o(.data)
    OSStatTaskCtrRun                         0x200000a4   Data           4  os_var.o(.data)
    OSStatTaskRdy                            0x200000a8   Data           1  os_var.o(.data)
    OSStatTaskTimeMax                        0x200000ac   Data           4  os_var.o(.data)
    OSTaskCtxSwCtr                           0x200000b0   Data           4  os_var.o(.data)
    OSTaskDbgListPtr                         0x200000b4   Data           4  os_var.o(.data)
    OSTaskQty                                0x200000b8   Data           2  os_var.o(.data)
    OSTaskRegNextAvailID                     0x200000ba   Data           1  os_var.o(.data)
    OSTickCtr                                0x200000bc   Data           4  os_var.o(.data)
    OSTickTaskTimeMax                        0x200000c0   Data           4  os_var.o(.data)
    OSTmrDbgListPtr                          0x200000c4   Data           4  os_var.o(.data)
    OSTmrQty                                 0x200000c8   Data           2  os_var.o(.data)
    OSTmrTaskTimeMax                         0x200000cc   Data           4  os_var.o(.data)
    OSTmrTickCtr                             0x200000d0   Data           4  os_var.o(.data)
    OSTmrUpdateCnt                           0x200000d4   Data           4  os_var.o(.data)
    OSTmrUpdateCtr                           0x200000d8   Data           4  os_var.o(.data)
    OSTCBCurPtr                              0x200000dc   Data           4  os_var.o(.data)
    OSTCBHighRdyPtr                          0x200000e0   Data           4  os_var.o(.data)
    OS_CPU_ExceptStkBase                     0x200000e4   Data           4  os_cpu_c.o(.data)
    FLASH_SECTOR_COUNT                       0x200000e8   Data           2  diskio.o(.data)
    __stdout                                 0x200000ec   Data           4  stdout.o(.data)
    fs                                       0x20003358   Data         560  bsp.o(.bss)
    file                                     0x20003588   Data         548  bsp.o(.bss)
    W25QXX_BUFFER                            0x200058fc   Data        4096  bsp_spi_flash.o(.bss)
    CPU_Name                                 0x200068fc   Data          16  cpu_core.o(.bss)
    OSCfg_IdleTaskStk                        0x2000690c   Data         512  os_cfg_app.o(.bss)
    OSCfg_ISRStk                             0x20006b0c   Data        1024  os_cfg_app.o(.bss)
    OSCfg_MsgPool                            0x20006f0c   Data        1600  os_cfg_app.o(.bss)
    OSCfg_StatTaskStk                        0x2000754c   Data         512  os_cfg_app.o(.bss)
    OSCfg_TickTaskStk                        0x2000774c   Data         512  os_cfg_app.o(.bss)
    OSCfg_TickWheel                          0x2000794c   Data         128  os_cfg_app.o(.bss)
    OSCfg_TmrTaskStk                         0x200079cc   Data         512  os_cfg_app.o(.bss)
    OSCfg_TmrWheel                           0x20007bcc   Data         136  os_cfg_app.o(.bss)
    OSIdleTaskTCB                            0x20007c54   Data         192  os_var.o(.bss)
    OSMsgPool                                0x20007d14   Data          12  os_var.o(.bss)
    OSRdyList                                0x20007d20   Data         768  os_var.o(.bss)
    OSStatTaskTCB                            0x20008020   Data         192  os_var.o(.bss)
    OSTickTaskTCB                            0x200080e0   Data         192  os_var.o(.bss)
    OSTmrTaskTCB                             0x200081a0   Data         192  os_var.o(.bss)
    __initial_sp                             0x20008670   Data           0  startup_stm32f40_41xxx.o(STACK)



==============================================================================

Memory Map of the image

  Image Entry point : 0x08000189

  Load Region LR_IROM1 (Base: 0x08000000, Size: 0x00007490, Max: 0x00100000, ABSOLUTE)

    Execution Region ER_IROM1 (Base: 0x08000000, Size: 0x000073a0, Max: 0x00100000, ABSOLUTE)

    Base Addr    Size         Type   Attr      Idx    E Section Name        Object

    0x08000000   0x00000188   Data   RO         1805    RESET               startup_stm32f40_41xxx.o
    0x08000188   0x00000000   Code   RO         6264  * .ARM.Collect$$$$00000000  mc_w.l(entry.o)
    0x08000188   0x00000004   Code   RO         6540    .ARM.Collect$$$$00000001  mc_w.l(entry2.o)
    0x0800018c   0x00000004   Code   RO         6543    .ARM.Collect$$$$00000004  mc_w.l(entry5.o)
    0x08000190   0x00000000   Code   RO         6545    .ARM.Collect$$$$00000008  mc_w.l(entry7b.o)
    0x08000190   0x00000000   Code   RO         6547    .ARM.Collect$$$$0000000A  mc_w.l(entry8b.o)
    0x08000190   0x00000008   Code   RO         6548    .ARM.Collect$$$$0000000B  mc_w.l(entry9a.o)
    0x08000198   0x00000000   Code   RO         6550    .ARM.Collect$$$$0000000D  mc_w.l(entry10a.o)
    0x08000198   0x00000000   Code   RO         6552    .ARM.Collect$$$$0000000F  mc_w.l(entry11a.o)
    0x08000198   0x00000004   Code   RO         6541    .ARM.Collect$$$$00002712  mc_w.l(entry2.o)
    0x0800019c   0x00000024   Code   RO         1806    .text               startup_stm32f40_41xxx.o
    0x080001c0   0x00000034   Code   RO         4162    .text               cpu_a.o
    0x080001f4   0x00000062   Code   RO         6267    .text               mc_w.l(uldiv.o)
    0x08000256   0x00000026   Code   RO         6536    .text               mf_w.l(f2d.o)
    0x0800027c   0x0000002c   Code   RO         6555    .text               mc_w.l(uidiv.o)
    0x080002a8   0x0000001e   Code   RO         6557    .text               mc_w.l(llshl.o)
    0x080002c6   0x00000020   Code   RO         6559    .text               mc_w.l(llushr.o)
    0x080002e6   0x00000000   Code   RO         6561    .text               mc_w.l(iusefp.o)
    0x080002e6   0x000000ba   Code   RO         6562    .text               mf_w.l(depilogue.o)
    0x080003a0   0x0000014e   Code   RO         6564    .text               mf_w.l(dadd.o)
    0x080004ee   0x000000e4   Code   RO         6566    .text               mf_w.l(dmul.o)
    0x080005d2   0x000000de   Code   RO         6568    .text               mf_w.l(ddiv.o)
    0x080006b0   0x00000030   Code   RO         6570    .text               mf_w.l(dfixul.o)
    0x080006e0   0x00000030   Code   RO         6572    .text               mf_w.l(cdrcmple.o)
    0x08000710   0x00000024   Code   RO         6574    .text               mc_w.l(init.o)
    0x08000734   0x00000024   Code   RO         6576    .text               mc_w.l(llsshr.o)
    0x08000758   0x000000a8   Code   RO         5719    CODE                os_cpu_a.o
    0x08000800   0x00000020   Code   RO            4    i.AppObjCreate      main.o
    0x08000820   0x00000010   Code   RO            5    i.AppTaskCOM        main.o
    0x08000830   0x000000a0   Code   RO            6    i.AppTaskCreate     main.o
    0x080008d0   0x00000020   Code   RO            7    i.AppTaskStart      main.o
    0x080008f0   0x00000034   Code   RO            8    i.AppTaskUserIF     main.o
    0x08000924   0x0000000e   Code   RO          359    i.BSP_CPU_ClkFreq   bsp.o
    0x08000932   0x00000022   Code   RO          436    i.BSP_OS_SemCreate  bsp_os.o
    0x08000954   0x0000001c   Code   RO          437    i.BSP_OS_SemPost    bsp_os.o
    0x08000970   0x00000040   Code   RO          440    i.BSP_OS_TimeDlyMs  bsp_os.o
    0x080009b0   0x00000068   Code   RO          360    i.BSP_Tick_Init     bsp.o
    0x08000a18   0x00000004   Code   RO         1396    i.BusFault_Handler  stm32f4xx_it.o
    0x08000a1c   0x0000000c   Code   RO         4038    i.CPU_Init          cpu_core.o
    0x08000a28   0x00000030   Code   RO         4039    i.CPU_NameClr       cpu_core.o
    0x08000a58   0x00000008   Code   RO         4041    i.CPU_NameInit      cpu_core.o
    0x08000a60   0x00000014   Code   RO         4045    i.CPU_TS_Init       cpu_core.o
    0x08000a74   0x0000000c   Code   RO         4047    i.CPU_TS_TmrFreqSet  cpu_core.o
    0x08000a80   0x00000034   Code   RO          362    i.CPU_TS_TmrInit    bsp.o
    0x08000ab4   0x0000000c   Code   RO          363    i.CPU_TS_TmrRd      bsp.o
    0x08000ac0   0x00000044   Code   RO         1208    i.ComToUart         bsp_uart_fifo.o
    0x08000b04   0x00000068   Code   RO         1209    i.ConfigUartNVIC    bsp_uart_fifo.o
    0x08000b6c   0x00000008   Code   RO          518    i.DMA2_Stream3_IRQHandler  bsp_sdio_sd.o
    0x08000b74   0x00000034   Code   RO         3860    i.DMA_ClearFlag     stm32f4xx_dma.o
    0x08000ba8   0x00000002   Code   RO         1397    i.DebugMon_Handler  stm32f4xx_it.o
    0x08000baa   0x00000002   PAD
    0x08000bac   0x0000014c   Code   RO            9    i.DispTaskInfo      main.o
    0x08000cf8   0x00000090   Code   RO         2260    i.GPIO_Init         stm32f4xx_gpio.o
    0x08000d88   0x00000046   Code   RO         2261    i.GPIO_PinAFConfig  stm32f4xx_gpio.o
    0x08000dce   0x00000004   Code   RO         2267    i.GPIO_ResetBits    stm32f4xx_gpio.o
    0x08000dd2   0x00000004   Code   RO         2268    i.GPIO_SetBits      stm32f4xx_gpio.o
    0x08000dd6   0x00000004   Code   RO         1398    i.HardFault_Handler  stm32f4xx_it.o
    0x08000dda   0x00000002   PAD
    0x08000ddc   0x000002e4   Code   RO         1210    i.InitHardUart      bsp_uart_fifo.o
    0x080010c0   0x00000018   Code   RO          786    i.IsKeyDown1        bsp_key.o
    0x080010d8   0x00000016   Code   RO          787    i.IsKeyDown10       bsp_key.o
    0x080010ee   0x00000002   PAD
    0x080010f0   0x00000018   Code   RO          788    i.IsKeyDown2        bsp_key.o
    0x08001108   0x00000018   Code   RO          789    i.IsKeyDown3        bsp_key.o
    0x08001120   0x00000018   Code   RO          790    i.IsKeyDown4        bsp_key.o
    0x08001138   0x00000018   Code   RO          791    i.IsKeyDown5        bsp_key.o
    0x08001150   0x00000018   Code   RO          792    i.IsKeyDown6        bsp_key.o
    0x08001168   0x00000018   Code   RO          793    i.IsKeyDown7        bsp_key.o
    0x08001180   0x00000018   Code   RO          794    i.IsKeyDown8        bsp_key.o
    0x08001198   0x00000016   Code   RO          795    i.IsKeyDown9        bsp_key.o
    0x080011ae   0x00000004   Code   RO         1399    i.MemManage_Handler  stm32f4xx_it.o
    0x080011b2   0x00000012   Code   RO         4354    i.Mem_Clr           lib_mem.o
    0x080011c4   0x00000062   Code   RO         4371    i.Mem_Set           lib_mem.o
    0x08001226   0x00000002   Code   RO         1400    i.NMI_Handler       stm32f4xx_it.o
    0x08001228   0x00000078   Code   RO         2211    i.NVIC_Init         misc.o
    0x080012a0   0x00000014   Code   RO         2212    i.NVIC_PriorityGroupConfig  misc.o
    0x080012b4   0x00000002   Code   RO         4628    i.OSCfg_Init        os_cfg_app.o
    0x080012b6   0x00000002   PAD
    0x080012b8   0x00000014   Code   RO         5722    i.OSIdleTaskHook    os_cpu_c.o
    0x080012cc   0x00000168   Code   RO         4651    i.OSInit            os_core.o
    0x08001434   0x00000028   Code   RO         5723    i.OSInitHook        os_cpu_c.o
    0x0800145c   0x0000002c   Code   RO         4652    i.OSIntEnter        os_core.o
    0x08001488   0x000000dc   Code   RO         4653    i.OSIntExit         os_core.o
    0x08001564   0x000000a0   Code   RO         4654    i.OSSched           os_core.o
    0x08001604   0x00000070   Code   RO         4655    i.OSSchedLock       os_core.o
    0x08001674   0x00000090   Code   RO         4658    i.OSSchedUnlock     os_core.o
    0x08001704   0x00000080   Code   RO         5255    i.OSSemCreate       os_sem.o
    0x08001784   0x00000070   Code   RO         5259    i.OSSemPost         os_sem.o
    0x080017f4   0x00000068   Code   RO         4659    i.OSStart           os_core.o
    0x0800185c   0x0000011c   Code   RO         5327    i.OSStatReset       os_stat.o
    0x08001978   0x000000f0   Code   RO         5328    i.OSStatTaskCPUUsageInit  os_stat.o
    0x08001a68   0x00000014   Code   RO         5724    i.OSStatTaskHook    os_cpu_c.o
    0x08001a7c   0x000001b4   Code   RO         5358    i.OSTaskCreate      os_task.o
    0x08001c30   0x00000018   Code   RO         5725    i.OSTaskCreateHook  os_cpu_c.o
    0x08001c48   0x00000128   Code   RO         5359    i.OSTaskDel         os_task.o
    0x08001d70   0x00000018   Code   RO         5726    i.OSTaskDelHook     os_cpu_c.o
    0x08001d88   0x00000068   Code   RO         5367    i.OSTaskResume      os_task.o
    0x08001df0   0x00000018   Code   RO         5727    i.OSTaskReturnHook  os_cpu_c.o
    0x08001e08   0x000001dc   Code   RO         5368    i.OSTaskSemPend     os_task.o
    0x08001fe4   0x0000003e   Code   RO         5370    i.OSTaskSemPost     os_task.o
    0x08002022   0x00000002   PAD
    0x08002024   0x000000d4   Code   RO         5372    i.OSTaskStkChk      os_task.o
    0x080020f8   0x000000d0   Code   RO         5728    i.OSTaskStkInit     os_cpu_c.o
    0x080021c8   0x00000038   Code   RO         5373    i.OSTaskSuspend     os_task.o
    0x08002200   0x00000064   Code   RO         5729    i.OSTaskSwHook      os_cpu_c.o
    0x08002264   0x000000c4   Code   RO         5573    i.OSTimeDly         os_time.o
    0x08002328   0x0000019c   Code   RO         5574    i.OSTimeDlyHMSM     os_time.o
    0x080024c4   0x0000005c   Code   RO         5578    i.OSTimeTick        os_time.o
    0x08002520   0x00000014   Code   RO         5730    i.OSTimeTickHook    os_cpu_c.o
    0x08002534   0x00000038   Code   RO         5731    i.OS_CPU_SysTickHandler  os_cpu_c.o
    0x0800256c   0x000001ac   Code   RO         4879    i.OS_Dbg_Init       os_dbg.o
    0x08002718   0x00000018   Code   RO         4904    i.OS_FlagInit       os_flag.o
    0x08002730   0x00000044   Code   RO         4661    i.OS_IdleTask       os_core.o
    0x08002774   0x00000070   Code   RO         4662    i.OS_IdleTaskInit   os_core.o
    0x080027e4   0x00000018   Code   RO         4988    i.OS_MemInit        os_mem.o
    0x080027fc   0x0000007c   Code   RO         5020    i.OS_MsgPoolInit    os_msg.o
    0x08002878   0x00000044   Code   RO         5021    i.OS_MsgQFreeAll    os_msg.o
    0x080028bc   0x0000000e   Code   RO         5023    i.OS_MsgQInit       os_msg.o
    0x080028ca   0x00000002   PAD
    0x080028cc   0x00000018   Code   RO         5064    i.OS_MutexInit      os_mutex.o
    0x080028e4   0x00000068   Code   RO         4663    i.OS_Pend           os_core.o
    0x0800294c   0x00000026   Code   RO         4666    i.OS_PendDataInit   os_core.o
    0x08002972   0x00000002   PAD
    0x08002974   0x0000005c   Code   RO         4667    i.OS_PendDbgNameAdd  os_core.o
    0x080029d0   0x00000024   Code   RO         4668    i.OS_PendDbgNameRemove  os_core.o
    0x080029f4   0x0000000a   Code   RO         4670    i.OS_PendListInit   os_core.o
    0x080029fe   0x00000066   Code   RO         4672    i.OS_PendListInsertPrio  os_core.o
    0x08002a64   0x00000030   Code   RO         4673    i.OS_PendListRemove  os_core.o
    0x08002a94   0x00000042   Code   RO         4674    i.OS_PendListRemove1  os_core.o
    0x08002ad6   0x000000c0   Code   RO         4677    i.OS_Post           os_core.o
    0x08002b96   0x0000002a   Code   RO         4678    i.OS_Post1          os_core.o
    0x08002bc0   0x00000028   Code   RO         5146    i.OS_PrioGetHighest  os_prio.o
    0x08002be8   0x00000018   Code   RO         5147    i.OS_PrioInit       os_prio.o
    0x08002c00   0x00000024   Code   RO         5148    i.OS_PrioInsert     os_prio.o
    0x08002c24   0x00000024   Code   RO         5149    i.OS_PrioRemove     os_prio.o
    0x08002c48   0x00000018   Code   RO         5192    i.OS_QInit          os_q.o
    0x08002c60   0x00000024   Code   RO         4679    i.OS_RdyListInit    os_core.o
    0x08002c84   0x0000002c   Code   RO         4680    i.OS_RdyListInsert  os_core.o
    0x08002cb0   0x00000040   Code   RO         4681    i.OS_RdyListInsertHead  os_core.o
    0x08002cf0   0x0000003c   Code   RO         4682    i.OS_RdyListInsertTail  os_core.o
    0x08002d2c   0x00000044   Code   RO         4683    i.OS_RdyListMoveHeadToTail  os_core.o
    0x08002d70   0x0000005c   Code   RO         4684    i.OS_RdyListRemove  os_core.o
    0x08002dcc   0x000000d0   Code   RO         4685    i.OS_SchedRoundRobin  os_core.o
    0x08002e9c   0x00000030   Code   RO         5262    i.OS_SemDbgListAdd  os_sem.o
    0x08002ecc   0x00000018   Code   RO         5264    i.OS_SemInit        os_sem.o
    0x08002ee4   0x00000126   Code   RO         5265    i.OS_SemPost        os_sem.o
    0x0800300a   0x00000002   PAD
    0x0800300c   0x000002ec   Code   RO         5329    i.OS_StatTask       os_stat.o
    0x080032f8   0x000000cc   Code   RO         5330    i.OS_StatTaskInit   os_stat.o
    0x080033c4   0x00000038   Code   RO         4686    i.OS_TaskBlock      os_core.o
    0x080033fc   0x00000030   Code   RO         5375    i.OS_TaskDbgListAdd  os_task.o
    0x0800342c   0x00000044   Code   RO         5376    i.OS_TaskDbgListRemove  os_task.o
    0x08003470   0x00000020   Code   RO         5377    i.OS_TaskInit       os_task.o
    0x08003490   0x000000c8   Code   RO         5378    i.OS_TaskInitTCB    os_task.o
    0x08003558   0x0000001c   Code   RO         4687    i.OS_TaskRdy        os_core.o
    0x08003574   0x00000100   Code   RO         5380    i.OS_TaskResume     os_task.o
    0x08003674   0x00000018   Code   RO         5381    i.OS_TaskReturn     os_task.o
    0x0800368c   0x000001c4   Code   RO         5382    i.OS_TaskSemPost    os_task.o
    0x08003850   0x00000118   Code   RO         5383    i.OS_TaskSuspend    os_task.o
    0x08003968   0x00000028   Code   RO         5525    i.OS_TickListInit   os_tick.o
    0x08003990   0x000001bc   Code   RO         5526    i.OS_TickListInsert  os_tick.o
    0x08003b4c   0x00000038   Code   RO         5527    i.OS_TickListRemove  os_tick.o
    0x08003b84   0x00000024   Code   RO         5528    i.OS_TickListResetPeak  os_tick.o
    0x08003ba8   0x00000188   Code   RO         5529    i.OS_TickListUpdate  os_tick.o
    0x08003d30   0x0000002c   Code   RO         5530    i.OS_TickTask       os_tick.o
    0x08003d5c   0x000000b8   Code   RO         5531    i.OS_TickTaskInit   os_tick.o
    0x08003e14   0x00000128   Code   RO         5624    i.OS_TmrInit        os_tmr.o
    0x08003f3c   0x000000d0   Code   RO         5625    i.OS_TmrLink        os_tmr.o
    0x0800400c   0x00000024   Code   RO         5626    i.OS_TmrResetPeak   os_tmr.o
    0x08004030   0x000000c0   Code   RO         5627    i.OS_TmrTask        os_tmr.o
    0x080040f0   0x00000050   Code   RO         5628    i.OS_TmrUnlink      os_tmr.o
    0x08004140   0x00000020   Code   RO         1813    i.RCC_AHB1PeriphClockCmd  stm32f4xx_rcc.o
    0x08004160   0x00000020   Code   RO         1822    i.RCC_APB1PeriphClockCmd  stm32f4xx_rcc.o
    0x08004180   0x00000020   Code   RO         1825    i.RCC_APB2PeriphClockCmd  stm32f4xx_rcc.o
    0x080041a0   0x000000e8   Code   RO         1834    i.RCC_GetClocksFreq  stm32f4xx_rcc.o
    0x08004288   0x00000034   Code   RO         1211    i.RS485_InitTXE     bsp_uart_fifo.o
    0x080042bc   0x00000002   Code   RO         1212    i.RS485_ReciveNew   bsp_uart_fifo.o
    0x080042be   0x00000002   PAD
    0x080042c0   0x0000000c   Code   RO         1213    i.RS485_SendBefor   bsp_uart_fifo.o
    0x080042cc   0x0000000c   Code   RO         1215    i.RS485_SendOver    bsp_uart_fifo.o
    0x080042d8   0x0000000c   Code   RO         3664    i.SDIO_ClearITPendingBit  stm32f4xx_sdio.o
    0x080042e4   0x00000018   Code   RO         3676    i.SDIO_GetITStatus  stm32f4xx_sdio.o
    0x080042fc   0x00000008   Code   RO          522    i.SDIO_IRQHandler   bsp_sdio_sd.o
    0x08004304   0x00000020   Code   RO         3679    i.SDIO_ITConfig     stm32f4xx_sdio.o
    0x08004324   0x00000028   Code   RO          542    i.SD_ProcessDMAIRQ  bsp_sdio_sd.o
    0x0800434c   0x000000ac   Code   RO          543    i.SD_ProcessIRQSrc  bsp_sdio_sd.o
    0x080043f8   0x00000054   Code   RO         1690    i.SPI2_ReadWriteByte  bsp_spi_flash.o
    0x0800444c   0x00000018   Code   RO         3365    i.SPI_Cmd           stm32f4xx_spi.o
    0x08004464   0x00000012   Code   RO         3373    i.SPI_I2S_GetFlagStatus  stm32f4xx_spi.o
    0x08004476   0x00000006   Code   RO         3376    i.SPI_I2S_ReceiveData  stm32f4xx_spi.o
    0x0800447c   0x00000004   Code   RO         3377    i.SPI_I2S_SendData  stm32f4xx_spi.o
    0x08004480   0x0000003c   Code   RO         3378    i.SPI_Init          stm32f4xx_spi.o
    0x080044bc   0x00000002   Code   RO         1401    i.SVC_Handler       stm32f4xx_it.o
    0x080044be   0x00000002   PAD
    0x080044c0   0x000000ec   Code   RO         3992    i.SetSysClock       system_stm32f4xx.o
    0x080045ac   0x00000068   Code   RO         3994    i.SystemInit        system_stm32f4xx.o
    0x08004614   0x00000018   Code   RO         2677    i.TIM_ARRPreloadConfig  stm32f4xx_tim.o
    0x0800462c   0x00000018   Code   RO         2689    i.TIM_Cmd           stm32f4xx_tim.o
    0x08004644   0x0000001e   Code   RO         2691    i.TIM_CtrlPWMOutputs  stm32f4xx_tim.o
    0x08004662   0x00000002   PAD
    0x08004664   0x0000007c   Code   RO         2718    i.TIM_OC1Init       stm32f4xx_tim.o
    0x080046e0   0x00000012   Code   RO         2721    i.TIM_OC1PreloadConfig  stm32f4xx_tim.o
    0x080046f2   0x00000002   PAD
    0x080046f4   0x000000a4   Code   RO         2723    i.TIM_OC2Init       stm32f4xx_tim.o
    0x08004798   0x0000001a   Code   RO         2726    i.TIM_OC2PreloadConfig  stm32f4xx_tim.o
    0x080047b2   0x00000002   PAD
    0x080047b4   0x000000a0   Code   RO         2728    i.TIM_OC3Init       stm32f4xx_tim.o
    0x08004854   0x00000012   Code   RO         2731    i.TIM_OC3PreloadConfig  stm32f4xx_tim.o
    0x08004866   0x00000002   PAD
    0x08004868   0x00000078   Code   RO         2733    i.TIM_OC4Init       stm32f4xx_tim.o
    0x080048e0   0x0000001a   Code   RO         2735    i.TIM_OC4PreloadConfig  stm32f4xx_tim.o
    0x080048fa   0x00000002   PAD
    0x080048fc   0x00000084   Code   RO         2761    i.TIM_TimeBaseInit  stm32f4xx_tim.o
    0x08004980   0x00000034   Code   RO         1218    i.USART1_IRQHandler  bsp_uart_fifo.o
    0x080049b4   0x00000034   Code   RO         1219    i.USART2_IRQHandler  bsp_uart_fifo.o
    0x080049e8   0x00000034   Code   RO         1220    i.USART3_IRQHandler  bsp_uart_fifo.o
    0x08004a1c   0x00000034   Code   RO         1221    i.USART6_IRQHandler  bsp_uart_fifo.o
    0x08004a50   0x00000012   Code   RO         2361    i.USART_ClearFlag   stm32f4xx_usart.o
    0x08004a62   0x00000018   Code   RO         2365    i.USART_Cmd         stm32f4xx_usart.o
    0x08004a7a   0x00000054   Code   RO         2369    i.USART_GetITStatus  stm32f4xx_usart.o
    0x08004ace   0x0000004a   Code   RO         2371    i.USART_ITConfig    stm32f4xx_usart.o
    0x08004b18   0x000000d4   Code   RO         2372    i.USART_Init        stm32f4xx_usart.o
    0x08004bec   0x0000000a   Code   RO         2379    i.USART_ReceiveData  stm32f4xx_usart.o
    0x08004bf6   0x00000008   Code   RO         2382    i.USART_SendData    stm32f4xx_usart.o
    0x08004bfe   0x000000e6   Code   RO         1224    i.UartIRQ           bsp_uart_fifo.o
    0x08004ce4   0x0000009a   Code   RO         1225    i.UartSend          bsp_uart_fifo.o
    0x08004d7e   0x00000002   PAD
    0x08004d80   0x000000fc   Code   RO         1226    i.UartVarInit       bsp_uart_fifo.o
    0x08004e7c   0x00000004   Code   RO         1402    i.UsageFault_Handler  stm32f4xx_it.o
    0x08004e80   0x00000048   Code   RO         1692    i.W25QXX_Erase_Sector  bsp_spi_flash.o
    0x08004ec8   0x00000058   Code   RO         1694    i.W25QXX_Read       bsp_spi_flash.o
    0x08004f20   0x00000030   Code   RO         1696    i.W25QXX_ReadSR     bsp_spi_flash.o
    0x08004f50   0x00000012   Code   RO         1698    i.W25QXX_Wait_Busy  bsp_spi_flash.o
    0x08004f62   0x00000002   PAD
    0x08004f64   0x000000b8   Code   RO         1699    i.W25QXX_Write      bsp_spi_flash.o
    0x0800501c   0x00000024   Code   RO         1701    i.W25QXX_Write_Enable  bsp_spi_flash.o
    0x08005040   0x00000046   Code   RO         1702    i.W25QXX_Write_NoCheck  bsp_spi_flash.o
    0x08005086   0x00000002   PAD
    0x08005088   0x0000005c   Code   RO         1703    i.W25QXX_Write_Page  bsp_spi_flash.o
    0x080050e4   0x00000020   Code   RO         6506    i.__0printf         mc_w.l(printfa.o)
    0x08005104   0x0000000e   Code   RO         6580    i.__scatterload_copy  mc_w.l(handlers.o)
    0x08005112   0x00000002   Code   RO         6581    i.__scatterload_null  mc_w.l(handlers.o)
    0x08005114   0x0000000e   Code   RO         6582    i.__scatterload_zeroinit  mc_w.l(handlers.o)
    0x08005122   0x00000002   PAD
    0x08005124   0x00000164   Code   RO         6513    i._fp_digits        mc_w.l(printfa.o)
    0x08005288   0x000006dc   Code   RO         6514    i._printf_core      mc_w.l(printfa.o)
    0x08005964   0x00000024   Code   RO         6515    i._printf_post_padding  mc_w.l(printfa.o)
    0x08005988   0x0000002e   Code   RO         6516    i._printf_pre_padding  mc_w.l(printfa.o)
    0x080059b6   0x00000002   PAD
    0x080059b8   0x000000e8   Code   RO         1705    i.bsp_FlashInit     bsp_spi_flash.o
    0x08005aa0   0x00000034   Code   RO          798    i.bsp_GetKey        bsp_key.o
    0x08005ad4   0x00000078   Code   RO          366    i.bsp_Init          bsp.o
    0x08005b4c   0x00000038   Code   RO         1130    i.bsp_InitI2C       bsp_i2c_gpio.o
    0x08005b84   0x0000000c   Code   RO          801    i.bsp_InitKey       bsp_key.o
    0x08005b90   0x000000a0   Code   RO          802    i.bsp_InitKeyHard   bsp_key.o
    0x08005c30   0x000000d4   Code   RO          803    i.bsp_InitKeyVar    bsp_key.o
    0x08005d04   0x0000007c   Code   RO          919    i.bsp_InitLed       bsp_led.o
    0x08005d80   0x000000f0   Code   RO         1608    i.bsp_InitNRF       bsp_spi_nrf.o
    0x08005e70   0x00000088   Code   RO         1055    i.bsp_InitSPIBus    bsp_spi_bus.o
    0x08005ef8   0x00000014   Code   RO         1227    i.bsp_InitUart      bsp_uart_fifo.o
    0x08005f0c   0x00000040   Code   RO          921    i.bsp_LedOff        bsp_led.o
    0x08005f4c   0x00000054   Code   RO          923    i.bsp_LedToggle     bsp_led.o
    0x08005fa0   0x0000002c   Code   RO         1056    i.bsp_SPI_Init      bsp_spi_bus.o
    0x08005fcc   0x0000000c   Code   RO          973    i.bsp_ServoInit     bsp_tim_pwm.o
    0x08005fd8   0x0000013c   Code   RO          974    i.bsp_Servo_GPIOConfig  bsp_tim_pwm.o
    0x08006114   0x0000023c   Code   RO          975    i.bsp_Servo_TIMConfig  bsp_tim_pwm.o
    0x08006350   0x00000090   Code   RO         5863    i.check_fs          ff.o
    0x080063e0   0x0000002e   Code   RO         1231    i.comSendBuf        bsp_uart_fifo.o
    0x0800640e   0x00000010   Code   RO         1232    i.comSendChar       bsp_uart_fifo.o
    0x0800641e   0x00000020   Code   RO         5803    i.disk_initialize   diskio.o
    0x0800643e   0x00000002   PAD
    0x08006440   0x00000048   Code   RO         5804    i.disk_ioctl        diskio.o
    0x08006488   0x00000044   Code   RO         5805    i.disk_read         diskio.o
    0x080064cc   0x00000006   Code   RO         5806    i.disk_status       diskio.o
    0x080064d2   0x00000044   Code   RO         5807    i.disk_write        diskio.o
    0x08006516   0x00000002   PAD
    0x08006518   0x00000648   Code   RO         5882    i.f_mkfs            ff.o
    0x08006b60   0x0000005c   Code   RO         5883    i.f_mount           ff.o
    0x08006bbc   0x00000394   Code   RO         5896    i.find_volume       ff.o
    0x08006f50   0x00000012   Code   RO         1235    i.fputc             bsp_uart_fifo.o
    0x08006f62   0x00000002   PAD
    0x08006f64   0x00000008   Code   RO         5808    i.get_fattime       diskio.o
    0x08006f6c   0x0000004a   Code   RO         5900    i.get_ldnumber      ff.o
    0x08006fb6   0x0000000e   Code   RO         1133    i.i2c_Delay         bsp_i2c_gpio.o
    0x08006fc4   0x00000024   Code   RO         1138    i.i2c_Stop          bsp_i2c_gpio.o
    0x08006fe8   0x00000064   Code   RO           10    i.main              main.o
    0x0800704c   0x0000001a   Code   RO         5903    i.mem_cpy           ff.o
    0x08007066   0x00000014   Code   RO         5904    i.mem_set           ff.o
    0x0800707a   0x00000034   Code   RO         5905    i.move_window       ff.o
    0x080070ae   0x00000052   Code   RO         5910    i.sync_window       ff.o
    0x08007100   0x000000a4   Data   RO         4630    .constdata          os_cfg_app.o
    0x080071a4   0x0000016c   Data   RO         4880    .constdata          os_dbg.o
    0x08007310   0x0000002c   Data   RO         5913    .constdata          ff.o
    0x0800733c   0x00000042   Data   RO           12    .conststring        main.o
    0x0800737e   0x00000002   PAD
    0x08007380   0x00000020   Data   RO         6578    Region$$Table       anon$$obj.o


    Execution Region RW_IRAM1 (Base: 0x20000000, Size: 0x00008670, Max: 0x00020000, ABSOLUTE)

    Base Addr    Size         Type   Attr      Idx    E Section Name        Object

    0x20000000   0x00000008   Data   RW          368    .data               bsp.o
    0x20000008   0x00000018   Data   RW          556    .data               bsp_sdio_sd.o
    0x20000020   0x00000001   Data   RW         1237    .data               bsp_uart_fifo.o
    0x20000021   0x00000010   Data   RW         1866    .data               stm32f4xx_rcc.o
    0x20000031   0x00000003   PAD
    0x20000034   0x00000004   Data   RW         4051    .data               cpu_core.o
    0x20000038   0x00000008   Data   RW         5150    .data               os_prio.o
    0x20000040   0x000000a4   Data   RW         5706    .data               os_var.o
    0x200000e4   0x00000004   Data   RW         5733    .data               os_cpu_c.o
    0x200000e8   0x00000002   Data   RW         5809    .data               diskio.o
    0x200000ea   0x00000002   Data   RW         5914    .data               ff.o
    0x200000ec   0x00000004   Data   RW         6554    .data               mc_w.l(stdout.o)
    0x200000f0   0x00003268   Zero   RW           11    .bss                main.o
    0x20003358   0x00000454   Zero   RW          367    .bss                bsp.o
    0x200037ac   0x000000ad   Zero   RW          807    .bss                bsp_key.o
    0x20003859   0x00000003   PAD
    0x2000385c   0x000020a0   Zero   RW         1236    .bss                bsp_uart_fifo.o
    0x200058fc   0x00001000   Zero   RW         1706    .bss                bsp_spi_flash.o
    0x200068fc   0x00000010   Zero   RW         4049    .bss                cpu_core.o
    0x2000690c   0x00001348   Zero   RW         4629    .bss                os_cfg_app.o
    0x20007c54   0x0000060c   Zero   RW         5705    .bss                os_var.o
    0x20008260   0x0000000c   Zero   RW         5912    .bss                ff.o
    0x2000826c   0x00000004   PAD
    0x20008270   0x00000400   Zero   RW         1803    STACK               startup_stm32f40_41xxx.o


==============================================================================

Image component sizes


      Code (inc. data)   RO Data    RW Data    ZI Data      Debug   Object Name

       302         42          0          8       1108      29984   bsp.o
       106         10          0          0          0       1709   bsp_i2c_gpio.o
       672        124          0          0        173       9095   bsp_key.o
       272         36          0          0          0       1851   bsp_led.o
       126          0          0          0          0       4131   bsp_os.o
       228         18          0         24          0      12296   bsp_sdio_sd.o
       180         14          0          0          0       1236   bsp_spi_bus.o
       924         44          0          0       4096       7927   bsp_spi_flash.o
       240          8          0          0          0        786   bsp_spi_nrf.o
       900         36          0          0          0       2240   bsp_tim_pwm.o
      1934        156          0          1       8352      12887   bsp_uart_fifo.o
        52          0          0          0          0        368   cpu_a.o
       100         18          0          4         16      12430   cpu_core.o
       254          8          0          2          0       6265   diskio.o
      3014         98         44          2         12      14391   ff.o
       116          0          0          0          0       2052   lib_mem.o
       724        262         66          0      12904     369757   main.o
       140         24          0          0          0       1863   misc.o
         2          0        164          0       4936      19600   os_cfg_app.o
      2710        348          0          0          0      20476   os_core.o
       168         32          0          0          0        436   os_cpu_a.o
       536         58          0          4          0       8092   os_cpu_c.o
       428        280        364          0          0       4929   os_dbg.o
        24         10          0          0          0        966   os_flag.o
        24         10          0          0          0        973   os_mem.o
       206         20          0          0          0       2524   os_msg.o
        24         10          0          0          0        975   os_mutex.o
       136         16          0          8          0       3162   os_prio.o
        24         10          0          0          0        967   os_q.o
       606         36          0          0          0       4559   os_sem.o
      1476        186          0          0          0       4143   os_stat.o
      3002        172          0          0          0      13329   os_task.o
      1196        116          0          0          0       5857   os_tick.o
       700         56          0          0          0       3113   os_time.o
       812        134          0          0          0       4488   os_tmr.o
         0          0          0        164       1548      17995   os_var.o
        36          8        392          0       1024        984   startup_stm32f40_41xxx.o
        52         14          0          0          0       2020   stm32f4xx_dma.o
       222          0          0          0          0       3383   stm32f4xx_gpio.o
        22          0          0          0          0       3719   stm32f4xx_it.o
       328         36          0         16          0       5195   stm32f4xx_rcc.o
        68         16          0          0          0       1980   stm32f4xx_sdio.o
       112          0          0          0          0       4078   stm32f4xx_spi.o
       866         66          0          0          0       9553   stm32f4xx_tim.o
       430          8          0          0          0       6161   stm32f4xx_usart.o
       340         32          0          0          0       1769   system_stm32f4xx.o

    ----------------------------------------------------------------------
     24876       2572       1064        236      34176     646694   Object Totals
         0          0         32          0          0          0   (incl. Generated)
        42          0          2          3          7          0   (incl. Padding)

    ----------------------------------------------------------------------

      Code (inc. data)   RO Data    RW Data    ZI Data      Debug   Library Member Name

         0          0          0          0          0          0   entry.o
         0          0          0          0          0          0   entry10a.o
         0          0          0          0          0          0   entry11a.o
         8          4          0          0          0          0   entry2.o
         4          0          0          0          0          0   entry5.o
         0          0          0          0          0          0   entry7b.o
         0          0          0          0          0          0   entry8b.o
         8          4          0          0          0          0   entry9a.o
        30          0          0          0          0          0   handlers.o
        36          8          0          0          0         68   init.o
         0          0          0          0          0          0   iusefp.o
        30          0          0          0          0         68   llshl.o
        36          0          0          0          0         68   llsshr.o
        32          0          0          0          0         68   llushr.o
      2226         90          0          0          0        444   printfa.o
         0          0          0          4          0          0   stdout.o
        44          0          0          0          0         80   uidiv.o
        98          0          0          0          0         92   uldiv.o
        48          0          0          0          0         68   cdrcmple.o
       334          0          0          0          0        148   dadd.o
       222          0          0          0          0        100   ddiv.o
       186          0          0          0          0        176   depilogue.o
        48          0          0          0          0         68   dfixul.o
       228          0          0          0          0         96   dmul.o
        38          0          0          0          0         68   f2d.o

    ----------------------------------------------------------------------
      3660        106          0          4          0       1612   Library Totals
         4          0          0          0          0          0   (incl. Padding)

    ----------------------------------------------------------------------

      Code (inc. data)   RO Data    RW Data    ZI Data      Debug   Library Name

      2552        106          0          4          0        888   mc_w.l
      1104          0          0          0          0        724   mf_w.l

    ----------------------------------------------------------------------
      3660        106          0          4          0       1612   Library Totals

    ----------------------------------------------------------------------

==============================================================================


      Code (inc. data)   RO Data    RW Data    ZI Data      Debug   

     28536       2678       1064        240      34176     625130   Grand Totals
     28536       2678       1064        240      34176     625130   ELF Image Totals
     28536       2678       1064        240          0          0   ROM Totals

==============================================================================

    Total RO  Size (Code + RO Data)                29600 (  28.91kB)
    Total RW  Size (RW Data + ZI Data)             34416 (  33.61kB)
    Total ROM Size (Code + RO Data + RW Data)      29840 (  29.14kB)

==============================================================================

